Archive member included to satisfy reference by file (symbol)

c:/program files (x86)/atollic/truestudio for stm32 9.0.1/armtools/bin/../lib/gcc/arm-atollic-eabi/6.3.1/../../../../arm-atollic-eabi/lib/armv7e-m/fpu\libc_nano.a(lib_a-init.o)
                              startup\startup_stm32l432xx.o (__libc_init_array)
c:/program files (x86)/atollic/truestudio for stm32 9.0.1/armtools/bin/../lib/gcc/arm-atollic-eabi/6.3.1/../../../../arm-atollic-eabi/lib/armv7e-m/fpu\libc_nano.a(lib_a-strlen.o)
                              Src\main.o (strlen)
c:/program files (x86)/atollic/truestudio for stm32 9.0.1/armtools/bin/../lib/gcc/arm-atollic-eabi/6.3.1/armv7e-m/fpu\libgcc.a(_aeabi_uldivmod.o)
                              Drivers\STM32L4xx_HAL_Driver\Src\stm32l4xx_hal_uart.o (__aeabi_uldivmod)
c:/program files (x86)/atollic/truestudio for stm32 9.0.1/armtools/bin/../lib/gcc/arm-atollic-eabi/6.3.1/armv7e-m/fpu\libgcc.a(_udivmoddi4.o)
                              c:/program files (x86)/atollic/truestudio for stm32 9.0.1/armtools/bin/../lib/gcc/arm-atollic-eabi/6.3.1/armv7e-m/fpu\libgcc.a(_aeabi_uldivmod.o) (__udivmoddi4)
c:/program files (x86)/atollic/truestudio for stm32 9.0.1/armtools/bin/../lib/gcc/arm-atollic-eabi/6.3.1/armv7e-m/fpu\libgcc.a(_dvmd_tls.o)
                              c:/program files (x86)/atollic/truestudio for stm32 9.0.1/armtools/bin/../lib/gcc/arm-atollic-eabi/6.3.1/armv7e-m/fpu\libgcc.a(_aeabi_uldivmod.o) (__aeabi_ldiv0)

Allocating common symbols
Common symbol       size              file

hi2c1               0x4c              Src\main.o
uwTick              0x4               Drivers\STM32L4xx_HAL_Driver\Src\stm32l4xx_hal.o
pFlash              0x20              Drivers\STM32L4xx_HAL_Driver\Src\stm32l4xx_hal_flash.o
huart1              0x78              Src\main.o
huart2              0x78              Src\main.o

Discarded input sections

 .text          0x00000000        0x0 c:/program files (x86)/atollic/truestudio for stm32 9.0.1/armtools/bin/../lib/gcc/arm-atollic-eabi/6.3.1/armv7e-m/fpu/crti.o
 .data          0x00000000        0x0 c:/program files (x86)/atollic/truestudio for stm32 9.0.1/armtools/bin/../lib/gcc/arm-atollic-eabi/6.3.1/armv7e-m/fpu/crti.o
 .bss           0x00000000        0x0 c:/program files (x86)/atollic/truestudio for stm32 9.0.1/armtools/bin/../lib/gcc/arm-atollic-eabi/6.3.1/armv7e-m/fpu/crti.o
 .data          0x00000000        0x4 c:/program files (x86)/atollic/truestudio for stm32 9.0.1/armtools/bin/../lib/gcc/arm-atollic-eabi/6.3.1/armv7e-m/fpu/crtbegin.o
 .text          0x00000000        0x0 Drivers\STM32L4xx_HAL_Driver\Src\stm32l4xx_hal.o
 .data          0x00000000        0x0 Drivers\STM32L4xx_HAL_Driver\Src\stm32l4xx_hal.o
 .bss           0x00000000        0x0 Drivers\STM32L4xx_HAL_Driver\Src\stm32l4xx_hal.o
 .text.HAL_MspInit
                0x00000000        0x2 Drivers\STM32L4xx_HAL_Driver\Src\stm32l4xx_hal.o
 .text.HAL_MspDeInit
                0x00000000        0x2 Drivers\STM32L4xx_HAL_Driver\Src\stm32l4xx_hal.o
 .text.HAL_DeInit
                0x00000000       0x2c Drivers\STM32L4xx_HAL_Driver\Src\stm32l4xx_hal.o
 .text.HAL_SuspendTick
                0x00000000       0x10 Drivers\STM32L4xx_HAL_Driver\Src\stm32l4xx_hal.o
 .text.HAL_ResumeTick
                0x00000000       0x10 Drivers\STM32L4xx_HAL_Driver\Src\stm32l4xx_hal.o
 .text.HAL_GetHalVersion
                0x00000000        0x8 Drivers\STM32L4xx_HAL_Driver\Src\stm32l4xx_hal.o
 .text.HAL_GetREVID
                0x00000000        0xc Drivers\STM32L4xx_HAL_Driver\Src\stm32l4xx_hal.o
 .text.HAL_GetDEVID
                0x00000000       0x10 Drivers\STM32L4xx_HAL_Driver\Src\stm32l4xx_hal.o
 .text.HAL_GetUIDw0
                0x00000000        0xc Drivers\STM32L4xx_HAL_Driver\Src\stm32l4xx_hal.o
 .text.HAL_GetUIDw1
                0x00000000        0xc Drivers\STM32L4xx_HAL_Driver\Src\stm32l4xx_hal.o
 .text.HAL_GetUIDw2
                0x00000000        0xc Drivers\STM32L4xx_HAL_Driver\Src\stm32l4xx_hal.o
 .text.HAL_DBGMCU_EnableDBGSleepMode
                0x00000000       0x10 Drivers\STM32L4xx_HAL_Driver\Src\stm32l4xx_hal.o
 .text.HAL_DBGMCU_DisableDBGSleepMode
                0x00000000       0x10 Drivers\STM32L4xx_HAL_Driver\Src\stm32l4xx_hal.o
 .text.HAL_DBGMCU_EnableDBGStopMode
                0x00000000       0x10 Drivers\STM32L4xx_HAL_Driver\Src\stm32l4xx_hal.o
 .text.HAL_DBGMCU_DisableDBGStopMode
                0x00000000       0x10 Drivers\STM32L4xx_HAL_Driver\Src\stm32l4xx_hal.o
 .text.HAL_DBGMCU_EnableDBGStandbyMode
                0x00000000       0x10 Drivers\STM32L4xx_HAL_Driver\Src\stm32l4xx_hal.o
 .text.HAL_DBGMCU_DisableDBGStandbyMode
                0x00000000       0x10 Drivers\STM32L4xx_HAL_Driver\Src\stm32l4xx_hal.o
 .text.HAL_SYSCFG_SRAM2Erase
                0x00000000       0x1c Drivers\STM32L4xx_HAL_Driver\Src\stm32l4xx_hal.o
 .text.HAL_SYSCFG_EnableMemorySwappingBank
                0x00000000        0xc Drivers\STM32L4xx_HAL_Driver\Src\stm32l4xx_hal.o
 .text.HAL_SYSCFG_DisableMemorySwappingBank
                0x00000000        0xc Drivers\STM32L4xx_HAL_Driver\Src\stm32l4xx_hal.o
 .text.HAL_SYSCFG_EnableIOAnalogSwitchBooster
                0x00000000       0x10 Drivers\STM32L4xx_HAL_Driver\Src\stm32l4xx_hal.o
 .text.HAL_SYSCFG_DisableIOAnalogSwitchBooster
                0x00000000       0x10 Drivers\STM32L4xx_HAL_Driver\Src\stm32l4xx_hal.o
 .text          0x00000000        0x0 Drivers\STM32L4xx_HAL_Driver\Src\stm32l4xx_hal_cortex.o
 .data          0x00000000        0x0 Drivers\STM32L4xx_HAL_Driver\Src\stm32l4xx_hal_cortex.o
 .bss           0x00000000        0x0 Drivers\STM32L4xx_HAL_Driver\Src\stm32l4xx_hal_cortex.o
 .text.HAL_NVIC_EnableIRQ
                0x00000000       0x18 Drivers\STM32L4xx_HAL_Driver\Src\stm32l4xx_hal_cortex.o
 .text.HAL_NVIC_DisableIRQ
                0x00000000       0x1c Drivers\STM32L4xx_HAL_Driver\Src\stm32l4xx_hal_cortex.o
 .text.HAL_NVIC_SystemReset
                0x00000000       0x24 Drivers\STM32L4xx_HAL_Driver\Src\stm32l4xx_hal_cortex.o
 .text.HAL_NVIC_GetPriorityGrouping
                0x00000000       0x10 Drivers\STM32L4xx_HAL_Driver\Src\stm32l4xx_hal_cortex.o
 .text.HAL_NVIC_GetPriority
                0x00000000       0x58 Drivers\STM32L4xx_HAL_Driver\Src\stm32l4xx_hal_cortex.o
 .text.HAL_NVIC_SetPendingIRQ
                0x00000000       0x1c Drivers\STM32L4xx_HAL_Driver\Src\stm32l4xx_hal_cortex.o
 .text.HAL_NVIC_GetPendingIRQ
                0x00000000       0x1c Drivers\STM32L4xx_HAL_Driver\Src\stm32l4xx_hal_cortex.o
 .text.HAL_NVIC_ClearPendingIRQ
                0x00000000       0x1c Drivers\STM32L4xx_HAL_Driver\Src\stm32l4xx_hal_cortex.o
 .text.HAL_NVIC_GetActive
                0x00000000       0x1c Drivers\STM32L4xx_HAL_Driver\Src\stm32l4xx_hal_cortex.o
 .text.HAL_MPU_Disable
                0x00000000       0x20 Drivers\STM32L4xx_HAL_Driver\Src\stm32l4xx_hal_cortex.o
 .text.HAL_MPU_Enable
                0x00000000       0x24 Drivers\STM32L4xx_HAL_Driver\Src\stm32l4xx_hal_cortex.o
 .text.HAL_MPU_ConfigRegion
                0x00000000       0x50 Drivers\STM32L4xx_HAL_Driver\Src\stm32l4xx_hal_cortex.o
 .text          0x00000000        0x0 Drivers\STM32L4xx_HAL_Driver\Src\stm32l4xx_hal_dma.o
 .data          0x00000000        0x0 Drivers\STM32L4xx_HAL_Driver\Src\stm32l4xx_hal_dma.o
 .bss           0x00000000        0x0 Drivers\STM32L4xx_HAL_Driver\Src\stm32l4xx_hal_dma.o
 .text.HAL_DMA_Init
                0x00000000       0xe0 Drivers\STM32L4xx_HAL_Driver\Src\stm32l4xx_hal_dma.o
 .text.HAL_DMA_DeInit
                0x00000000       0x90 Drivers\STM32L4xx_HAL_Driver\Src\stm32l4xx_hal_dma.o
 .text.HAL_DMA_Start
                0x00000000       0x5e Drivers\STM32L4xx_HAL_Driver\Src\stm32l4xx_hal_dma.o
 .text.HAL_DMA_Start_IT
                0x00000000       0x7c Drivers\STM32L4xx_HAL_Driver\Src\stm32l4xx_hal_dma.o
 .text.HAL_DMA_Abort
                0x00000000       0x32 Drivers\STM32L4xx_HAL_Driver\Src\stm32l4xx_hal_dma.o
 .text.HAL_DMA_Abort_IT
                0x00000000       0x48 Drivers\STM32L4xx_HAL_Driver\Src\stm32l4xx_hal_dma.o
 .text.HAL_DMA_PollForTransfer
                0x00000000       0xc6 Drivers\STM32L4xx_HAL_Driver\Src\stm32l4xx_hal_dma.o
 .text.HAL_DMA_IRQHandler
                0x00000000       0x90 Drivers\STM32L4xx_HAL_Driver\Src\stm32l4xx_hal_dma.o
 .text.HAL_DMA_RegisterCallback
                0x00000000       0x46 Drivers\STM32L4xx_HAL_Driver\Src\stm32l4xx_hal_dma.o
 .text.HAL_DMA_UnRegisterCallback
                0x00000000       0x4e Drivers\STM32L4xx_HAL_Driver\Src\stm32l4xx_hal_dma.o
 .text.HAL_DMA_GetState
                0x00000000        0x6 Drivers\STM32L4xx_HAL_Driver\Src\stm32l4xx_hal_dma.o
 .text.HAL_DMA_GetError
                0x00000000        0x4 Drivers\STM32L4xx_HAL_Driver\Src\stm32l4xx_hal_dma.o
 .debug_info    0x00000000     0x1067 Drivers\STM32L4xx_HAL_Driver\Src\stm32l4xx_hal_dma.o
 .debug_abbrev  0x00000000      0x29e Drivers\STM32L4xx_HAL_Driver\Src\stm32l4xx_hal_dma.o
 .debug_loc     0x00000000      0x60c Drivers\STM32L4xx_HAL_Driver\Src\stm32l4xx_hal_dma.o
 .debug_aranges
                0x00000000       0x78 Drivers\STM32L4xx_HAL_Driver\Src\stm32l4xx_hal_dma.o
 .debug_ranges  0x00000000       0xa0 Drivers\STM32L4xx_HAL_Driver\Src\stm32l4xx_hal_dma.o
 .debug_line    0x00000000      0x587 Drivers\STM32L4xx_HAL_Driver\Src\stm32l4xx_hal_dma.o
 .debug_str     0x00000000      0xaef Drivers\STM32L4xx_HAL_Driver\Src\stm32l4xx_hal_dma.o
 .comment       0x00000000       0x7d Drivers\STM32L4xx_HAL_Driver\Src\stm32l4xx_hal_dma.o
 .debug_frame   0x00000000      0x140 Drivers\STM32L4xx_HAL_Driver\Src\stm32l4xx_hal_dma.o
 .ARM.attributes
                0x00000000       0x39 Drivers\STM32L4xx_HAL_Driver\Src\stm32l4xx_hal_dma.o
 .text          0x00000000        0x0 Drivers\STM32L4xx_HAL_Driver\Src\stm32l4xx_hal_dma_ex.o
 .data          0x00000000        0x0 Drivers\STM32L4xx_HAL_Driver\Src\stm32l4xx_hal_dma_ex.o
 .bss           0x00000000        0x0 Drivers\STM32L4xx_HAL_Driver\Src\stm32l4xx_hal_dma_ex.o
 .debug_info    0x00000000      0x94c Drivers\STM32L4xx_HAL_Driver\Src\stm32l4xx_hal_dma_ex.o
 .debug_abbrev  0x00000000      0x15c Drivers\STM32L4xx_HAL_Driver\Src\stm32l4xx_hal_dma_ex.o
 .debug_aranges
                0x00000000       0x18 Drivers\STM32L4xx_HAL_Driver\Src\stm32l4xx_hal_dma_ex.o
 .debug_line    0x00000000      0x203 Drivers\STM32L4xx_HAL_Driver\Src\stm32l4xx_hal_dma_ex.o
 .debug_str     0x00000000      0x66d Drivers\STM32L4xx_HAL_Driver\Src\stm32l4xx_hal_dma_ex.o
 .comment       0x00000000       0x7d Drivers\STM32L4xx_HAL_Driver\Src\stm32l4xx_hal_dma_ex.o
 .ARM.attributes
                0x00000000       0x39 Drivers\STM32L4xx_HAL_Driver\Src\stm32l4xx_hal_dma_ex.o
 .text          0x00000000        0x0 Drivers\STM32L4xx_HAL_Driver\Src\stm32l4xx_hal_flash.o
 .data          0x00000000        0x0 Drivers\STM32L4xx_HAL_Driver\Src\stm32l4xx_hal_flash.o
 .bss           0x00000000        0x0 Drivers\STM32L4xx_HAL_Driver\Src\stm32l4xx_hal_flash.o
 .text.FLASH_SetErrorCode
                0x00000000       0xec Drivers\STM32L4xx_HAL_Driver\Src\stm32l4xx_hal_flash.o
 .text.FLASH_Program_Fast
                0x00000000       0x24 Drivers\STM32L4xx_HAL_Driver\Src\stm32l4xx_hal_flash.o
 .text.HAL_FLASH_Program_IT
                0x00000000       0x74 Drivers\STM32L4xx_HAL_Driver\Src\stm32l4xx_hal_flash.o
 .text.HAL_FLASH_EndOfOperationCallback
                0x00000000        0x2 Drivers\STM32L4xx_HAL_Driver\Src\stm32l4xx_hal_flash.o
 .text.HAL_FLASH_OperationErrorCallback
                0x00000000        0x2 Drivers\STM32L4xx_HAL_Driver\Src\stm32l4xx_hal_flash.o
 .text.HAL_FLASH_IRQHandler
                0x00000000      0x124 Drivers\STM32L4xx_HAL_Driver\Src\stm32l4xx_hal_flash.o
 .text.HAL_FLASH_Unlock
                0x00000000       0x24 Drivers\STM32L4xx_HAL_Driver\Src\stm32l4xx_hal_flash.o
 .text.HAL_FLASH_Lock
                0x00000000       0x14 Drivers\STM32L4xx_HAL_Driver\Src\stm32l4xx_hal_flash.o
 .text.HAL_FLASH_OB_Unlock
                0x00000000       0x24 Drivers\STM32L4xx_HAL_Driver\Src\stm32l4xx_hal_flash.o
 .text.HAL_FLASH_OB_Lock
                0x00000000       0x14 Drivers\STM32L4xx_HAL_Driver\Src\stm32l4xx_hal_flash.o
 .text.HAL_FLASH_GetError
                0x00000000        0xc Drivers\STM32L4xx_HAL_Driver\Src\stm32l4xx_hal_flash.o
 .text.FLASH_WaitForLastOperation
                0x00000000       0x8c Drivers\STM32L4xx_HAL_Driver\Src\stm32l4xx_hal_flash.o
 .text.HAL_FLASH_Program
                0x00000000       0xa0 Drivers\STM32L4xx_HAL_Driver\Src\stm32l4xx_hal_flash.o
 .text.HAL_FLASH_OB_Launch
                0x00000000       0x18 Drivers\STM32L4xx_HAL_Driver\Src\stm32l4xx_hal_flash.o
 .debug_info    0x00000000      0xfb3 Drivers\STM32L4xx_HAL_Driver\Src\stm32l4xx_hal_flash.o
 .debug_abbrev  0x00000000      0x389 Drivers\STM32L4xx_HAL_Driver\Src\stm32l4xx_hal_flash.o
 .debug_loc     0x00000000      0x316 Drivers\STM32L4xx_HAL_Driver\Src\stm32l4xx_hal_flash.o
 .debug_aranges
                0x00000000       0x80 Drivers\STM32L4xx_HAL_Driver\Src\stm32l4xx_hal_flash.o
 .debug_ranges  0x00000000       0x88 Drivers\STM32L4xx_HAL_Driver\Src\stm32l4xx_hal_flash.o
 .debug_line    0x00000000      0x59c Drivers\STM32L4xx_HAL_Driver\Src\stm32l4xx_hal_flash.o
 .debug_str     0x00000000      0xaa8 Drivers\STM32L4xx_HAL_Driver\Src\stm32l4xx_hal_flash.o
 .comment       0x00000000       0x7d Drivers\STM32L4xx_HAL_Driver\Src\stm32l4xx_hal_flash.o
 .debug_frame   0x00000000      0x128 Drivers\STM32L4xx_HAL_Driver\Src\stm32l4xx_hal_flash.o
 .ARM.attributes
                0x00000000       0x39 Drivers\STM32L4xx_HAL_Driver\Src\stm32l4xx_hal_flash.o
 COMMON         0x00000000       0x20 Drivers\STM32L4xx_HAL_Driver\Src\stm32l4xx_hal_flash.o
 .text          0x00000000        0x0 Drivers\STM32L4xx_HAL_Driver\Src\stm32l4xx_hal_flash_ex.o
 .data          0x00000000        0x0 Drivers\STM32L4xx_HAL_Driver\Src\stm32l4xx_hal_flash_ex.o
 .bss           0x00000000        0x0 Drivers\STM32L4xx_HAL_Driver\Src\stm32l4xx_hal_flash_ex.o
 .text.FLASH_MassErase
                0x00000000       0x20 Drivers\STM32L4xx_HAL_Driver\Src\stm32l4xx_hal_flash_ex.o
 .text.HAL_FLASHEx_OBProgram
                0x00000000      0x248 Drivers\STM32L4xx_HAL_Driver\Src\stm32l4xx_hal_flash_ex.o
 .text.HAL_FLASHEx_OBGetConfig
                0x00000000       0x90 Drivers\STM32L4xx_HAL_Driver\Src\stm32l4xx_hal_flash_ex.o
 .text.FLASH_PageErase
                0x00000000       0x30 Drivers\STM32L4xx_HAL_Driver\Src\stm32l4xx_hal_flash_ex.o
 .text.HAL_FLASHEx_Erase_IT
                0x00000000       0x90 Drivers\STM32L4xx_HAL_Driver\Src\stm32l4xx_hal_flash_ex.o
 .text.FLASH_FlushCaches
                0x00000000       0x5c Drivers\STM32L4xx_HAL_Driver\Src\stm32l4xx_hal_flash_ex.o
 .text.HAL_FLASHEx_Erase
                0x00000000       0xe4 Drivers\STM32L4xx_HAL_Driver\Src\stm32l4xx_hal_flash_ex.o
 .debug_info    0x00000000     0x1293 Drivers\STM32L4xx_HAL_Driver\Src\stm32l4xx_hal_flash_ex.o
 .debug_abbrev  0x00000000      0x371 Drivers\STM32L4xx_HAL_Driver\Src\stm32l4xx_hal_flash_ex.o
 .debug_loc     0x00000000      0x583 Drivers\STM32L4xx_HAL_Driver\Src\stm32l4xx_hal_flash_ex.o
 .debug_aranges
                0x00000000       0x50 Drivers\STM32L4xx_HAL_Driver\Src\stm32l4xx_hal_flash_ex.o
 .debug_ranges  0x00000000       0xf0 Drivers\STM32L4xx_HAL_Driver\Src\stm32l4xx_hal_flash_ex.o
 .debug_line    0x00000000      0x53b Drivers\STM32L4xx_HAL_Driver\Src\stm32l4xx_hal_flash_ex.o
 .debug_str     0x00000000      0xb2b Drivers\STM32L4xx_HAL_Driver\Src\stm32l4xx_hal_flash_ex.o
 .comment       0x00000000       0x7d Drivers\STM32L4xx_HAL_Driver\Src\stm32l4xx_hal_flash_ex.o
 .debug_frame   0x00000000       0xb0 Drivers\STM32L4xx_HAL_Driver\Src\stm32l4xx_hal_flash_ex.o
 .ARM.attributes
                0x00000000       0x39 Drivers\STM32L4xx_HAL_Driver\Src\stm32l4xx_hal_flash_ex.o
 .text          0x00000000        0x0 Drivers\STM32L4xx_HAL_Driver\Src\stm32l4xx_hal_flash_ramfunc.o
 .data          0x00000000        0x0 Drivers\STM32L4xx_HAL_Driver\Src\stm32l4xx_hal_flash_ramfunc.o
 .bss           0x00000000        0x0 Drivers\STM32L4xx_HAL_Driver\Src\stm32l4xx_hal_flash_ramfunc.o
 .RamFunc       0x00000000       0x48 Drivers\STM32L4xx_HAL_Driver\Src\stm32l4xx_hal_flash_ramfunc.o
 .debug_info    0x00000000      0xb83 Drivers\STM32L4xx_HAL_Driver\Src\stm32l4xx_hal_flash_ramfunc.o
 .debug_abbrev  0x00000000      0x19f Drivers\STM32L4xx_HAL_Driver\Src\stm32l4xx_hal_flash_ramfunc.o
 .debug_aranges
                0x00000000       0x28 Drivers\STM32L4xx_HAL_Driver\Src\stm32l4xx_hal_flash_ramfunc.o
 .debug_ranges  0x00000000       0x18 Drivers\STM32L4xx_HAL_Driver\Src\stm32l4xx_hal_flash_ramfunc.o
 .debug_line    0x00000000      0x2c2 Drivers\STM32L4xx_HAL_Driver\Src\stm32l4xx_hal_flash_ramfunc.o
 .debug_str     0x00000000      0x8d6 Drivers\STM32L4xx_HAL_Driver\Src\stm32l4xx_hal_flash_ramfunc.o
 .comment       0x00000000       0x7d Drivers\STM32L4xx_HAL_Driver\Src\stm32l4xx_hal_flash_ramfunc.o
 .debug_frame   0x00000000       0x30 Drivers\STM32L4xx_HAL_Driver\Src\stm32l4xx_hal_flash_ramfunc.o
 .ARM.attributes
                0x00000000       0x39 Drivers\STM32L4xx_HAL_Driver\Src\stm32l4xx_hal_flash_ramfunc.o
 .text          0x00000000        0x0 Drivers\STM32L4xx_HAL_Driver\Src\stm32l4xx_hal_gpio.o
 .data          0x00000000        0x0 Drivers\STM32L4xx_HAL_Driver\Src\stm32l4xx_hal_gpio.o
 .bss           0x00000000        0x0 Drivers\STM32L4xx_HAL_Driver\Src\stm32l4xx_hal_gpio.o
 .text.HAL_GPIO_DeInit
                0x00000000       0xd8 Drivers\STM32L4xx_HAL_Driver\Src\stm32l4xx_hal_gpio.o
 .text.HAL_GPIO_ReadPin
                0x00000000        0xc Drivers\STM32L4xx_HAL_Driver\Src\stm32l4xx_hal_gpio.o
 .text.HAL_GPIO_TogglePin
                0x00000000        0x8 Drivers\STM32L4xx_HAL_Driver\Src\stm32l4xx_hal_gpio.o
 .text.HAL_GPIO_LockPin
                0x00000000       0x2a Drivers\STM32L4xx_HAL_Driver\Src\stm32l4xx_hal_gpio.o
 .text.HAL_GPIO_EXTI_Callback
                0x00000000        0x2 Drivers\STM32L4xx_HAL_Driver\Src\stm32l4xx_hal_gpio.o
 .text.HAL_GPIO_EXTI_IRQHandler
                0x00000000       0x18 Drivers\STM32L4xx_HAL_Driver\Src\stm32l4xx_hal_gpio.o
 .text          0x00000000        0x0 Drivers\STM32L4xx_HAL_Driver\Src\stm32l4xx_hal_i2c.o
 .data          0x00000000        0x0 Drivers\STM32L4xx_HAL_Driver\Src\stm32l4xx_hal_i2c.o
 .bss           0x00000000        0x0 Drivers\STM32L4xx_HAL_Driver\Src\stm32l4xx_hal_i2c.o
 .text.I2C_Flush_TXDR
                0x00000000       0x1c Drivers\STM32L4xx_HAL_Driver\Src\stm32l4xx_hal_i2c.o
 .text.I2C_DMASlaveReceiveCplt
                0x00000000        0x2 Drivers\STM32L4xx_HAL_Driver\Src\stm32l4xx_hal_i2c.o
 .text.I2C_TransferConfig
                0x00000000       0x34 Drivers\STM32L4xx_HAL_Driver\Src\stm32l4xx_hal_i2c.o
 .text.I2C_Enable_IRQ
                0x00000000       0x6c Drivers\STM32L4xx_HAL_Driver\Src\stm32l4xx_hal_i2c.o
 .text.I2C_Disable_IRQ
                0x00000000       0x5c Drivers\STM32L4xx_HAL_Driver\Src\stm32l4xx_hal_i2c.o
 .text.I2C_WaitOnFlagUntilTimeout
                0x00000000       0x4e Drivers\STM32L4xx_HAL_Driver\Src\stm32l4xx_hal_i2c.o
 .text.I2C_DMAMasterTransmitCplt
                0x00000000       0x42 Drivers\STM32L4xx_HAL_Driver\Src\stm32l4xx_hal_i2c.o
 .text.I2C_DMAMasterReceiveCplt
                0x00000000       0x42 Drivers\STM32L4xx_HAL_Driver\Src\stm32l4xx_hal_i2c.o
 .text.I2C_IsAcknowledgeFailed
                0x00000000       0x7a Drivers\STM32L4xx_HAL_Driver\Src\stm32l4xx_hal_i2c.o
 .text.I2C_WaitOnRXNEFlagUntilTimeout
                0x00000000       0x84 Drivers\STM32L4xx_HAL_Driver\Src\stm32l4xx_hal_i2c.o
 .text.I2C_WaitOnTXISFlagUntilTimeout
                0x00000000       0x52 Drivers\STM32L4xx_HAL_Driver\Src\stm32l4xx_hal_i2c.o
 .text.I2C_RequestMemoryWrite
                0x00000000       0x6c Drivers\STM32L4xx_HAL_Driver\Src\stm32l4xx_hal_i2c.o
 .text.I2C_RequestMemoryRead
                0x00000000       0x68 Drivers\STM32L4xx_HAL_Driver\Src\stm32l4xx_hal_i2c.o
 .text.I2C_DMASlaveTransmitCplt
                0x00000000        0x2 Drivers\STM32L4xx_HAL_Driver\Src\stm32l4xx_hal_i2c.o
 .text.I2C_WaitOnSTOPFlagUntilTimeout
                0x00000000       0x4e Drivers\STM32L4xx_HAL_Driver\Src\stm32l4xx_hal_i2c.o
 .text.HAL_I2C_MspInit
                0x00000000        0x2 Drivers\STM32L4xx_HAL_Driver\Src\stm32l4xx_hal_i2c.o
 .text.HAL_I2C_MspDeInit
                0x00000000        0x2 Drivers\STM32L4xx_HAL_Driver\Src\stm32l4xx_hal_i2c.o
 .text.HAL_I2C_DeInit
                0x00000000       0x32 Drivers\STM32L4xx_HAL_Driver\Src\stm32l4xx_hal_i2c.o
 .text.HAL_I2C_Master_Transmit
                0x00000000      0x130 Drivers\STM32L4xx_HAL_Driver\Src\stm32l4xx_hal_i2c.o
 .text.HAL_I2C_Master_Receive
                0x00000000      0x130 Drivers\STM32L4xx_HAL_Driver\Src\stm32l4xx_hal_i2c.o
 .text.HAL_I2C_Slave_Transmit
                0x00000000      0x13c Drivers\STM32L4xx_HAL_Driver\Src\stm32l4xx_hal_i2c.o
 .text.HAL_I2C_Slave_Receive
                0x00000000      0x13a Drivers\STM32L4xx_HAL_Driver\Src\stm32l4xx_hal_i2c.o
 .text.HAL_I2C_Master_Transmit_IT
                0x00000000       0x8c Drivers\STM32L4xx_HAL_Driver\Src\stm32l4xx_hal_i2c.o
 .text.HAL_I2C_Master_Receive_IT
                0x00000000       0x8c Drivers\STM32L4xx_HAL_Driver\Src\stm32l4xx_hal_i2c.o
 .text.HAL_I2C_Slave_Transmit_IT
                0x00000000       0x58 Drivers\STM32L4xx_HAL_Driver\Src\stm32l4xx_hal_i2c.o
 .text.HAL_I2C_Slave_Receive_IT
                0x00000000       0x58 Drivers\STM32L4xx_HAL_Driver\Src\stm32l4xx_hal_i2c.o
 .text.HAL_I2C_Master_Transmit_DMA
                0x00000000       0xf8 Drivers\STM32L4xx_HAL_Driver\Src\stm32l4xx_hal_i2c.o
 .text.HAL_I2C_Master_Receive_DMA
                0x00000000       0xf4 Drivers\STM32L4xx_HAL_Driver\Src\stm32l4xx_hal_i2c.o
 .text.HAL_I2C_Slave_Transmit_DMA
                0x00000000       0x98 Drivers\STM32L4xx_HAL_Driver\Src\stm32l4xx_hal_i2c.o
 .text.HAL_I2C_Slave_Receive_DMA
                0x00000000       0x9c Drivers\STM32L4xx_HAL_Driver\Src\stm32l4xx_hal_i2c.o
 .text.HAL_I2C_Mem_Write
                0x00000000      0x170 Drivers\STM32L4xx_HAL_Driver\Src\stm32l4xx_hal_i2c.o
 .text.HAL_I2C_Mem_Read
                0x00000000      0x17c Drivers\STM32L4xx_HAL_Driver\Src\stm32l4xx_hal_i2c.o
 .text.HAL_I2C_Mem_Write_IT
                0x00000000       0xd8 Drivers\STM32L4xx_HAL_Driver\Src\stm32l4xx_hal_i2c.o
 .text.HAL_I2C_Mem_Read_IT
                0x00000000       0xdc Drivers\STM32L4xx_HAL_Driver\Src\stm32l4xx_hal_i2c.o
 .text.HAL_I2C_Mem_Write_DMA
                0x00000000      0x10c Drivers\STM32L4xx_HAL_Driver\Src\stm32l4xx_hal_i2c.o
 .text.HAL_I2C_Mem_Read_DMA
                0x00000000      0x110 Drivers\STM32L4xx_HAL_Driver\Src\stm32l4xx_hal_i2c.o
 .text.HAL_I2C_IsDeviceReady
                0x00000000      0x114 Drivers\STM32L4xx_HAL_Driver\Src\stm32l4xx_hal_i2c.o
 .text.HAL_I2C_Master_Sequential_Transmit_IT
                0x00000000       0x84 Drivers\STM32L4xx_HAL_Driver\Src\stm32l4xx_hal_i2c.o
 .text.HAL_I2C_Master_Sequential_Receive_IT
                0x00000000       0x84 Drivers\STM32L4xx_HAL_Driver\Src\stm32l4xx_hal_i2c.o
 .text.HAL_I2C_Slave_Sequential_Transmit_IT
                0x00000000       0x90 Drivers\STM32L4xx_HAL_Driver\Src\stm32l4xx_hal_i2c.o
 .text.HAL_I2C_Slave_Sequential_Receive_IT
                0x00000000       0x90 Drivers\STM32L4xx_HAL_Driver\Src\stm32l4xx_hal_i2c.o
 .text.HAL_I2C_EnableListen_IT
                0x00000000       0x28 Drivers\STM32L4xx_HAL_Driver\Src\stm32l4xx_hal_i2c.o
 .text.HAL_I2C_DisableListen_IT
                0x00000000       0x36 Drivers\STM32L4xx_HAL_Driver\Src\stm32l4xx_hal_i2c.o
 .text.HAL_I2C_Master_Abort_IT
                0x00000000       0x64 Drivers\STM32L4xx_HAL_Driver\Src\stm32l4xx_hal_i2c.o
 .text.HAL_I2C_EV_IRQHandler
                0x00000000        0xe Drivers\STM32L4xx_HAL_Driver\Src\stm32l4xx_hal_i2c.o
 .text.HAL_I2C_MasterTxCpltCallback
                0x00000000        0x2 Drivers\STM32L4xx_HAL_Driver\Src\stm32l4xx_hal_i2c.o
 .text.HAL_I2C_MasterRxCpltCallback
                0x00000000        0x2 Drivers\STM32L4xx_HAL_Driver\Src\stm32l4xx_hal_i2c.o
 .text.I2C_ITMasterSequentialCplt
                0x00000000       0x4a Drivers\STM32L4xx_HAL_Driver\Src\stm32l4xx_hal_i2c.o
 .text.HAL_I2C_SlaveTxCpltCallback
                0x00000000        0x2 Drivers\STM32L4xx_HAL_Driver\Src\stm32l4xx_hal_i2c.o
 .text.HAL_I2C_SlaveRxCpltCallback
                0x00000000        0x2 Drivers\STM32L4xx_HAL_Driver\Src\stm32l4xx_hal_i2c.o
 .text.I2C_ITSlaveSequentialCplt
                0x00000000       0x52 Drivers\STM32L4xx_HAL_Driver\Src\stm32l4xx_hal_i2c.o
 .text.HAL_I2C_AddrCallback
                0x00000000        0x2 Drivers\STM32L4xx_HAL_Driver\Src\stm32l4xx_hal_i2c.o
 .text.HAL_I2C_ListenCpltCallback
                0x00000000        0x2 Drivers\STM32L4xx_HAL_Driver\Src\stm32l4xx_hal_i2c.o
 .text.I2C_ITListenCplt
                0x00000000       0x60 Drivers\STM32L4xx_HAL_Driver\Src\stm32l4xx_hal_i2c.o
 .text.HAL_I2C_MemTxCpltCallback
                0x00000000        0x2 Drivers\STM32L4xx_HAL_Driver\Src\stm32l4xx_hal_i2c.o
 .text.HAL_I2C_MemRxCpltCallback
                0x00000000        0x2 Drivers\STM32L4xx_HAL_Driver\Src\stm32l4xx_hal_i2c.o
 .text.HAL_I2C_ErrorCallback
                0x00000000        0x2 Drivers\STM32L4xx_HAL_Driver\Src\stm32l4xx_hal_i2c.o
 .text.HAL_I2C_AbortCpltCallback
                0x00000000        0x2 Drivers\STM32L4xx_HAL_Driver\Src\stm32l4xx_hal_i2c.o
 .text.I2C_ITError
                0x00000000       0xe4 Drivers\STM32L4xx_HAL_Driver\Src\stm32l4xx_hal_i2c.o
 .text.I2C_ITSlaveCplt
                0x00000000      0x100 Drivers\STM32L4xx_HAL_Driver\Src\stm32l4xx_hal_i2c.o
 .text.I2C_Slave_ISR_IT
                0x00000000      0x1b0 Drivers\STM32L4xx_HAL_Driver\Src\stm32l4xx_hal_i2c.o
 .text.I2C_Slave_ISR_DMA
                0x00000000       0x6e Drivers\STM32L4xx_HAL_Driver\Src\stm32l4xx_hal_i2c.o
 .text.I2C_ITMasterCplt
                0x00000000       0xb8 Drivers\STM32L4xx_HAL_Driver\Src\stm32l4xx_hal_i2c.o
 .text.I2C_Master_ISR_IT
                0x00000000      0x11e Drivers\STM32L4xx_HAL_Driver\Src\stm32l4xx_hal_i2c.o
 .text.I2C_Master_ISR_DMA
                0x00000000       0xc6 Drivers\STM32L4xx_HAL_Driver\Src\stm32l4xx_hal_i2c.o
 .text.I2C_DMAError
                0x00000000       0x12 Drivers\STM32L4xx_HAL_Driver\Src\stm32l4xx_hal_i2c.o
 .text.HAL_I2C_ER_IRQHandler
                0x00000000       0x62 Drivers\STM32L4xx_HAL_Driver\Src\stm32l4xx_hal_i2c.o
 .text.I2C_DMAAbort
                0x00000000       0x32 Drivers\STM32L4xx_HAL_Driver\Src\stm32l4xx_hal_i2c.o
 .text.HAL_I2C_GetState
                0x00000000        0x6 Drivers\STM32L4xx_HAL_Driver\Src\stm32l4xx_hal_i2c.o
 .text.HAL_I2C_GetMode
                0x00000000        0x6 Drivers\STM32L4xx_HAL_Driver\Src\stm32l4xx_hal_i2c.o
 .text.HAL_I2C_GetError
                0x00000000        0x4 Drivers\STM32L4xx_HAL_Driver\Src\stm32l4xx_hal_i2c.o
 .text          0x00000000        0x0 Drivers\STM32L4xx_HAL_Driver\Src\stm32l4xx_hal_i2c_ex.o
 .data          0x00000000        0x0 Drivers\STM32L4xx_HAL_Driver\Src\stm32l4xx_hal_i2c_ex.o
 .bss           0x00000000        0x0 Drivers\STM32L4xx_HAL_Driver\Src\stm32l4xx_hal_i2c_ex.o
 .text.HAL_I2CEx_EnableWakeUp
                0x00000000       0x44 Drivers\STM32L4xx_HAL_Driver\Src\stm32l4xx_hal_i2c_ex.o
 .text.HAL_I2CEx_DisableWakeUp
                0x00000000       0x44 Drivers\STM32L4xx_HAL_Driver\Src\stm32l4xx_hal_i2c_ex.o
 .text.HAL_I2CEx_EnableFastModePlus
                0x00000000       0x2c Drivers\STM32L4xx_HAL_Driver\Src\stm32l4xx_hal_i2c_ex.o
 .text.HAL_I2CEx_DisableFastModePlus
                0x00000000       0x2c Drivers\STM32L4xx_HAL_Driver\Src\stm32l4xx_hal_i2c_ex.o
 .text          0x00000000        0x0 Drivers\STM32L4xx_HAL_Driver\Src\stm32l4xx_hal_pwr.o
 .data          0x00000000        0x0 Drivers\STM32L4xx_HAL_Driver\Src\stm32l4xx_hal_pwr.o
 .bss           0x00000000        0x0 Drivers\STM32L4xx_HAL_Driver\Src\stm32l4xx_hal_pwr.o
 .text.HAL_PWR_DeInit
                0x00000000       0x18 Drivers\STM32L4xx_HAL_Driver\Src\stm32l4xx_hal_pwr.o
 .text.HAL_PWR_DisableBkUpAccess
                0x00000000       0x10 Drivers\STM32L4xx_HAL_Driver\Src\stm32l4xx_hal_pwr.o
 .text.HAL_PWR_ConfigPVD
                0x00000000       0x70 Drivers\STM32L4xx_HAL_Driver\Src\stm32l4xx_hal_pwr.o
 .text.HAL_PWR_EnablePVD
                0x00000000       0x10 Drivers\STM32L4xx_HAL_Driver\Src\stm32l4xx_hal_pwr.o
 .text.HAL_PWR_DisablePVD
                0x00000000       0x10 Drivers\STM32L4xx_HAL_Driver\Src\stm32l4xx_hal_pwr.o
 .text.HAL_PWR_EnableWakeUpPin
                0x00000000       0x20 Drivers\STM32L4xx_HAL_Driver\Src\stm32l4xx_hal_pwr.o
 .text.HAL_PWR_DisableWakeUpPin
                0x00000000       0x14 Drivers\STM32L4xx_HAL_Driver\Src\stm32l4xx_hal_pwr.o
 .text.HAL_PWR_EnterSLEEPMode
                0x00000000       0x40 Drivers\STM32L4xx_HAL_Driver\Src\stm32l4xx_hal_pwr.o
 .text.HAL_PWR_EnterSTOPMode
                0x00000000       0x10 Drivers\STM32L4xx_HAL_Driver\Src\stm32l4xx_hal_pwr.o
 .text.HAL_PWR_EnterSTANDBYMode
                0x00000000       0x24 Drivers\STM32L4xx_HAL_Driver\Src\stm32l4xx_hal_pwr.o
 .text.HAL_PWR_EnableSleepOnExit
                0x00000000       0x10 Drivers\STM32L4xx_HAL_Driver\Src\stm32l4xx_hal_pwr.o
 .text.HAL_PWR_DisableSleepOnExit
                0x00000000       0x10 Drivers\STM32L4xx_HAL_Driver\Src\stm32l4xx_hal_pwr.o
 .text.HAL_PWR_EnableSEVOnPend
                0x00000000       0x10 Drivers\STM32L4xx_HAL_Driver\Src\stm32l4xx_hal_pwr.o
 .text.HAL_PWR_DisableSEVOnPend
                0x00000000       0x10 Drivers\STM32L4xx_HAL_Driver\Src\stm32l4xx_hal_pwr.o
 .text.HAL_PWR_PVDCallback
                0x00000000        0x2 Drivers\STM32L4xx_HAL_Driver\Src\stm32l4xx_hal_pwr.o
 .text          0x00000000        0x0 Drivers\STM32L4xx_HAL_Driver\Src\stm32l4xx_hal_pwr_ex.o
 .data          0x00000000        0x0 Drivers\STM32L4xx_HAL_Driver\Src\stm32l4xx_hal_pwr_ex.o
 .bss           0x00000000        0x0 Drivers\STM32L4xx_HAL_Driver\Src\stm32l4xx_hal_pwr_ex.o
 .text.HAL_PWREx_EnableBatteryCharging
                0x00000000       0x1c Drivers\STM32L4xx_HAL_Driver\Src\stm32l4xx_hal_pwr_ex.o
 .text.HAL_PWREx_DisableBatteryCharging
                0x00000000       0x10 Drivers\STM32L4xx_HAL_Driver\Src\stm32l4xx_hal_pwr_ex.o
 .text.HAL_PWREx_EnableVddUSB
                0x00000000       0x10 Drivers\STM32L4xx_HAL_Driver\Src\stm32l4xx_hal_pwr_ex.o
 .text.HAL_PWREx_DisableVddUSB
                0x00000000       0x10 Drivers\STM32L4xx_HAL_Driver\Src\stm32l4xx_hal_pwr_ex.o
 .text.HAL_PWREx_EnableInternalWakeUpLine
                0x00000000       0x10 Drivers\STM32L4xx_HAL_Driver\Src\stm32l4xx_hal_pwr_ex.o
 .text.HAL_PWREx_DisableInternalWakeUpLine
                0x00000000       0x10 Drivers\STM32L4xx_HAL_Driver\Src\stm32l4xx_hal_pwr_ex.o
 .text.HAL_PWREx_EnableGPIOPullUp
                0x00000000       0x74 Drivers\STM32L4xx_HAL_Driver\Src\stm32l4xx_hal_pwr_ex.o
 .text.HAL_PWREx_DisableGPIOPullUp
                0x00000000       0x54 Drivers\STM32L4xx_HAL_Driver\Src\stm32l4xx_hal_pwr_ex.o
 .text.HAL_PWREx_EnableGPIOPullDown
                0x00000000       0x74 Drivers\STM32L4xx_HAL_Driver\Src\stm32l4xx_hal_pwr_ex.o
 .text.HAL_PWREx_DisableGPIOPullDown
                0x00000000       0x58 Drivers\STM32L4xx_HAL_Driver\Src\stm32l4xx_hal_pwr_ex.o
 .text.HAL_PWREx_EnablePullUpPullDownConfig
                0x00000000       0x10 Drivers\STM32L4xx_HAL_Driver\Src\stm32l4xx_hal_pwr_ex.o
 .text.HAL_PWREx_DisablePullUpPullDownConfig
                0x00000000       0x10 Drivers\STM32L4xx_HAL_Driver\Src\stm32l4xx_hal_pwr_ex.o
 .text.HAL_PWREx_EnableSRAM2ContentRetention
                0x00000000       0x10 Drivers\STM32L4xx_HAL_Driver\Src\stm32l4xx_hal_pwr_ex.o
 .text.HAL_PWREx_DisableSRAM2ContentRetention
                0x00000000       0x10 Drivers\STM32L4xx_HAL_Driver\Src\stm32l4xx_hal_pwr_ex.o
 .text.HAL_PWREx_EnablePVM3
                0x00000000       0x10 Drivers\STM32L4xx_HAL_Driver\Src\stm32l4xx_hal_pwr_ex.o
 .text.HAL_PWREx_DisablePVM3
                0x00000000       0x10 Drivers\STM32L4xx_HAL_Driver\Src\stm32l4xx_hal_pwr_ex.o
 .text.HAL_PWREx_EnablePVM4
                0x00000000       0x10 Drivers\STM32L4xx_HAL_Driver\Src\stm32l4xx_hal_pwr_ex.o
 .text.HAL_PWREx_DisablePVM4
                0x00000000       0x10 Drivers\STM32L4xx_HAL_Driver\Src\stm32l4xx_hal_pwr_ex.o
 .text.HAL_PWREx_ConfigPVM
                0x00000000       0xc0 Drivers\STM32L4xx_HAL_Driver\Src\stm32l4xx_hal_pwr_ex.o
 .text.HAL_PWREx_EnableLowPowerRunMode
                0x00000000       0x10 Drivers\STM32L4xx_HAL_Driver\Src\stm32l4xx_hal_pwr_ex.o
 .text.HAL_PWREx_DisableLowPowerRunMode
                0x00000000       0x40 Drivers\STM32L4xx_HAL_Driver\Src\stm32l4xx_hal_pwr_ex.o
 .text.HAL_PWREx_EnterSTOP0Mode
                0x00000000       0x34 Drivers\STM32L4xx_HAL_Driver\Src\stm32l4xx_hal_pwr_ex.o
 .text.HAL_PWREx_EnterSTOP1Mode
                0x00000000       0x38 Drivers\STM32L4xx_HAL_Driver\Src\stm32l4xx_hal_pwr_ex.o
 .text.HAL_PWREx_EnterSTOP2Mode
                0x00000000       0x38 Drivers\STM32L4xx_HAL_Driver\Src\stm32l4xx_hal_pwr_ex.o
 .text.HAL_PWREx_EnterSHUTDOWNMode
                0x00000000       0x24 Drivers\STM32L4xx_HAL_Driver\Src\stm32l4xx_hal_pwr_ex.o
 .text.HAL_PWREx_PVM3Callback
                0x00000000        0x2 Drivers\STM32L4xx_HAL_Driver\Src\stm32l4xx_hal_pwr_ex.o
 .text.HAL_PWREx_PVM4Callback
                0x00000000        0x2 Drivers\STM32L4xx_HAL_Driver\Src\stm32l4xx_hal_pwr_ex.o
 .text.HAL_PWREx_PVD_PVM_IRQHandler
                0x00000000       0x38 Drivers\STM32L4xx_HAL_Driver\Src\stm32l4xx_hal_pwr_ex.o
 .text          0x00000000        0x0 Drivers\STM32L4xx_HAL_Driver\Src\stm32l4xx_hal_rcc.o
 .data          0x00000000        0x0 Drivers\STM32L4xx_HAL_Driver\Src\stm32l4xx_hal_rcc.o
 .bss           0x00000000        0x0 Drivers\STM32L4xx_HAL_Driver\Src\stm32l4xx_hal_rcc.o
 .text.HAL_RCC_DeInit
                0x00000000       0xd0 Drivers\STM32L4xx_HAL_Driver\Src\stm32l4xx_hal_rcc.o
 .text.HAL_RCC_MCOConfig
                0x00000000       0x4c Drivers\STM32L4xx_HAL_Driver\Src\stm32l4xx_hal_rcc.o
 .text.HAL_RCC_GetOscConfig
                0x00000000       0xd4 Drivers\STM32L4xx_HAL_Driver\Src\stm32l4xx_hal_rcc.o
 .text.HAL_RCC_GetClockConfig
                0x00000000       0x3c Drivers\STM32L4xx_HAL_Driver\Src\stm32l4xx_hal_rcc.o
 .text.HAL_RCC_EnableCSS
                0x00000000       0x10 Drivers\STM32L4xx_HAL_Driver\Src\stm32l4xx_hal_rcc.o
 .text.HAL_RCC_CSSCallback
                0x00000000        0x2 Drivers\STM32L4xx_HAL_Driver\Src\stm32l4xx_hal_rcc.o
 .text.HAL_RCC_NMI_IRQHandler
                0x00000000       0x1c Drivers\STM32L4xx_HAL_Driver\Src\stm32l4xx_hal_rcc.o
 .text          0x00000000        0x0 Drivers\STM32L4xx_HAL_Driver\Src\stm32l4xx_hal_rcc_ex.o
 .data          0x00000000        0x0 Drivers\STM32L4xx_HAL_Driver\Src\stm32l4xx_hal_rcc_ex.o
 .bss           0x00000000        0x0 Drivers\STM32L4xx_HAL_Driver\Src\stm32l4xx_hal_rcc_ex.o
 .text.HAL_RCCEx_GetPeriphCLKConfig
                0x00000000       0xd0 Drivers\STM32L4xx_HAL_Driver\Src\stm32l4xx_hal_rcc_ex.o
 .text.HAL_RCCEx_GetPeriphCLKFreq
                0x00000000      0x33c Drivers\STM32L4xx_HAL_Driver\Src\stm32l4xx_hal_rcc_ex.o
 .text.HAL_RCCEx_EnablePLLSAI1
                0x00000000       0x78 Drivers\STM32L4xx_HAL_Driver\Src\stm32l4xx_hal_rcc_ex.o
 .text.HAL_RCCEx_DisablePLLSAI1
                0x00000000       0x48 Drivers\STM32L4xx_HAL_Driver\Src\stm32l4xx_hal_rcc_ex.o
 .text.HAL_RCCEx_WakeUpStopCLKConfig
                0x00000000       0x14 Drivers\STM32L4xx_HAL_Driver\Src\stm32l4xx_hal_rcc_ex.o
 .text.HAL_RCCEx_StandbyMSIRangeConfig
                0x00000000       0x18 Drivers\STM32L4xx_HAL_Driver\Src\stm32l4xx_hal_rcc_ex.o
 .text.HAL_RCCEx_EnableLSECSS
                0x00000000       0x14 Drivers\STM32L4xx_HAL_Driver\Src\stm32l4xx_hal_rcc_ex.o
 .text.HAL_RCCEx_DisableLSECSS
                0x00000000       0x1c Drivers\STM32L4xx_HAL_Driver\Src\stm32l4xx_hal_rcc_ex.o
 .text.HAL_RCCEx_EnableLSECSS_IT
                0x00000000       0x30 Drivers\STM32L4xx_HAL_Driver\Src\stm32l4xx_hal_rcc_ex.o
 .text.HAL_RCCEx_LSECSS_Callback
                0x00000000        0x2 Drivers\STM32L4xx_HAL_Driver\Src\stm32l4xx_hal_rcc_ex.o
 .text.HAL_RCCEx_LSECSS_IRQHandler
                0x00000000       0x1c Drivers\STM32L4xx_HAL_Driver\Src\stm32l4xx_hal_rcc_ex.o
 .text.HAL_RCCEx_EnableLSCO
                0x00000000       0x90 Drivers\STM32L4xx_HAL_Driver\Src\stm32l4xx_hal_rcc_ex.o
 .text.HAL_RCCEx_DisableLSCO
                0x00000000       0x5c Drivers\STM32L4xx_HAL_Driver\Src\stm32l4xx_hal_rcc_ex.o
 .text.HAL_RCCEx_DisableMSIPLLMode
                0x00000000       0x10 Drivers\STM32L4xx_HAL_Driver\Src\stm32l4xx_hal_rcc_ex.o
 .text.HAL_RCCEx_CRSConfig
                0x00000000       0x4c Drivers\STM32L4xx_HAL_Driver\Src\stm32l4xx_hal_rcc_ex.o
 .text.HAL_RCCEx_CRSSoftwareSynchronizationGenerate
                0x00000000       0x10 Drivers\STM32L4xx_HAL_Driver\Src\stm32l4xx_hal_rcc_ex.o
 .text.HAL_RCCEx_CRSGetSynchronizationInfo
                0x00000000       0x24 Drivers\STM32L4xx_HAL_Driver\Src\stm32l4xx_hal_rcc_ex.o
 .text.HAL_RCCEx_CRSWaitSynchronization
                0x00000000       0x98 Drivers\STM32L4xx_HAL_Driver\Src\stm32l4xx_hal_rcc_ex.o
 .text.HAL_RCCEx_CRS_SyncOkCallback
                0x00000000        0x2 Drivers\STM32L4xx_HAL_Driver\Src\stm32l4xx_hal_rcc_ex.o
 .text.HAL_RCCEx_CRS_SyncWarnCallback
                0x00000000        0x2 Drivers\STM32L4xx_HAL_Driver\Src\stm32l4xx_hal_rcc_ex.o
 .text.HAL_RCCEx_CRS_ExpectedSyncCallback
                0x00000000        0x2 Drivers\STM32L4xx_HAL_Driver\Src\stm32l4xx_hal_rcc_ex.o
 .text.HAL_RCCEx_CRS_ErrorCallback
                0x00000000        0x2 Drivers\STM32L4xx_HAL_Driver\Src\stm32l4xx_hal_rcc_ex.o
 .text.HAL_RCCEx_CRS_IRQHandler
                0x00000000       0x7c Drivers\STM32L4xx_HAL_Driver\Src\stm32l4xx_hal_rcc_ex.o
 .text          0x00000000        0x0 Drivers\STM32L4xx_HAL_Driver\Src\stm32l4xx_hal_tim.o
 .data          0x00000000        0x0 Drivers\STM32L4xx_HAL_Driver\Src\stm32l4xx_hal_tim.o
 .bss           0x00000000        0x0 Drivers\STM32L4xx_HAL_Driver\Src\stm32l4xx_hal_tim.o
 .debug_info    0x00000000      0x94c Drivers\STM32L4xx_HAL_Driver\Src\stm32l4xx_hal_tim.o
 .debug_abbrev  0x00000000      0x15c Drivers\STM32L4xx_HAL_Driver\Src\stm32l4xx_hal_tim.o
 .debug_aranges
                0x00000000       0x18 Drivers\STM32L4xx_HAL_Driver\Src\stm32l4xx_hal_tim.o
 .debug_line    0x00000000      0x203 Drivers\STM32L4xx_HAL_Driver\Src\stm32l4xx_hal_tim.o
 .debug_str     0x00000000      0x66a Drivers\STM32L4xx_HAL_Driver\Src\stm32l4xx_hal_tim.o
 .comment       0x00000000       0x7d Drivers\STM32L4xx_HAL_Driver\Src\stm32l4xx_hal_tim.o
 .ARM.attributes
                0x00000000       0x39 Drivers\STM32L4xx_HAL_Driver\Src\stm32l4xx_hal_tim.o
 .text          0x00000000        0x0 Drivers\STM32L4xx_HAL_Driver\Src\stm32l4xx_hal_tim_ex.o
 .data          0x00000000        0x0 Drivers\STM32L4xx_HAL_Driver\Src\stm32l4xx_hal_tim_ex.o
 .bss           0x00000000        0x0 Drivers\STM32L4xx_HAL_Driver\Src\stm32l4xx_hal_tim_ex.o
 .debug_info    0x00000000      0x94c Drivers\STM32L4xx_HAL_Driver\Src\stm32l4xx_hal_tim_ex.o
 .debug_abbrev  0x00000000      0x15c Drivers\STM32L4xx_HAL_Driver\Src\stm32l4xx_hal_tim_ex.o
 .debug_aranges
                0x00000000       0x18 Drivers\STM32L4xx_HAL_Driver\Src\stm32l4xx_hal_tim_ex.o
 .debug_line    0x00000000      0x203 Drivers\STM32L4xx_HAL_Driver\Src\stm32l4xx_hal_tim_ex.o
 .debug_str     0x00000000      0x66d Drivers\STM32L4xx_HAL_Driver\Src\stm32l4xx_hal_tim_ex.o
 .comment       0x00000000       0x7d Drivers\STM32L4xx_HAL_Driver\Src\stm32l4xx_hal_tim_ex.o
 .ARM.attributes
                0x00000000       0x39 Drivers\STM32L4xx_HAL_Driver\Src\stm32l4xx_hal_tim_ex.o
 .text          0x00000000        0x0 Drivers\STM32L4xx_HAL_Driver\Src\stm32l4xx_hal_uart.o
 .data          0x00000000        0x0 Drivers\STM32L4xx_HAL_Driver\Src\stm32l4xx_hal_uart.o
 .bss           0x00000000        0x0 Drivers\STM32L4xx_HAL_Driver\Src\stm32l4xx_hal_uart.o
 .text.UART_EndRxTransfer
                0x00000000       0x1e Drivers\STM32L4xx_HAL_Driver\Src\stm32l4xx_hal_uart.o
 .text.UART_TxISR_16BIT
                0x00000000       0x40 Drivers\STM32L4xx_HAL_Driver\Src\stm32l4xx_hal_uart.o
 .text.UART_TxISR_8BIT
                0x00000000       0x3c Drivers\STM32L4xx_HAL_Driver\Src\stm32l4xx_hal_uart.o
 .text.HAL_UART_MspInit
                0x00000000        0x2 Drivers\STM32L4xx_HAL_Driver\Src\stm32l4xx_hal_uart.o
 .text.HAL_UART_MspDeInit
                0x00000000        0x2 Drivers\STM32L4xx_HAL_Driver\Src\stm32l4xx_hal_uart.o
 .text.HAL_UART_DeInit
                0x00000000       0x38 Drivers\STM32L4xx_HAL_Driver\Src\stm32l4xx_hal_uart.o
 .text.HAL_UART_Transmit_IT
                0x00000000       0x68 Drivers\STM32L4xx_HAL_Driver\Src\stm32l4xx_hal_uart.o
 .text.HAL_UART_Receive_IT
                0x00000000       0xa8 Drivers\STM32L4xx_HAL_Driver\Src\stm32l4xx_hal_uart.o
 .text.HAL_UART_Transmit_DMA
                0x00000000       0x78 Drivers\STM32L4xx_HAL_Driver\Src\stm32l4xx_hal_uart.o
 .text.HAL_UART_Receive_DMA
                0x00000000       0x88 Drivers\STM32L4xx_HAL_Driver\Src\stm32l4xx_hal_uart.o
 .text.HAL_UART_DMAPause
                0x00000000       0x5c Drivers\STM32L4xx_HAL_Driver\Src\stm32l4xx_hal_uart.o
 .text.HAL_UART_DMAResume
                0x00000000       0x54 Drivers\STM32L4xx_HAL_Driver\Src\stm32l4xx_hal_uart.o
 .text.HAL_UART_DMAStop
                0x00000000       0x5e Drivers\STM32L4xx_HAL_Driver\Src\stm32l4xx_hal_uart.o
 .text.HAL_UART_Abort
                0x00000000       0x74 Drivers\STM32L4xx_HAL_Driver\Src\stm32l4xx_hal_uart.o
 .text.HAL_UART_AbortTransmit
                0x00000000       0x36 Drivers\STM32L4xx_HAL_Driver\Src\stm32l4xx_hal_uart.o
 .text.HAL_UART_AbortReceive
                0x00000000       0x4e Drivers\STM32L4xx_HAL_Driver\Src\stm32l4xx_hal_uart.o
 .text.HAL_UART_TxCpltCallback
                0x00000000        0x2 Drivers\STM32L4xx_HAL_Driver\Src\stm32l4xx_hal_uart.o
 .text.UART_DMATransmitCplt
                0x00000000       0x2e Drivers\STM32L4xx_HAL_Driver\Src\stm32l4xx_hal_uart.o
 .text.HAL_UART_TxHalfCpltCallback
                0x00000000        0x2 Drivers\STM32L4xx_HAL_Driver\Src\stm32l4xx_hal_uart.o
 .text.UART_DMATxHalfCplt
                0x00000000        0xa Drivers\STM32L4xx_HAL_Driver\Src\stm32l4xx_hal_uart.o
 .text.HAL_UART_RxCpltCallback
                0x00000000        0x2 Drivers\STM32L4xx_HAL_Driver\Src\stm32l4xx_hal_uart.o
 .text.UART_RxISR_8BIT
                0x00000000       0x56 Drivers\STM32L4xx_HAL_Driver\Src\stm32l4xx_hal_uart.o
 .text.UART_RxISR_16BIT
                0x00000000       0x54 Drivers\STM32L4xx_HAL_Driver\Src\stm32l4xx_hal_uart.o
 .text.UART_DMAReceiveCplt
                0x00000000       0x3a Drivers\STM32L4xx_HAL_Driver\Src\stm32l4xx_hal_uart.o
 .text.HAL_UART_RxHalfCpltCallback
                0x00000000        0x2 Drivers\STM32L4xx_HAL_Driver\Src\stm32l4xx_hal_uart.o
 .text.UART_DMARxHalfCplt
                0x00000000        0xa Drivers\STM32L4xx_HAL_Driver\Src\stm32l4xx_hal_uart.o
 .text.HAL_UART_ErrorCallback
                0x00000000        0x2 Drivers\STM32L4xx_HAL_Driver\Src\stm32l4xx_hal_uart.o
 .text.UART_DMAError
                0x00000000       0x54 Drivers\STM32L4xx_HAL_Driver\Src\stm32l4xx_hal_uart.o
 .text.HAL_UART_IRQHandler
                0x00000000      0x138 Drivers\STM32L4xx_HAL_Driver\Src\stm32l4xx_hal_uart.o
 .text.UART_DMAAbortOnError
                0x00000000       0x14 Drivers\STM32L4xx_HAL_Driver\Src\stm32l4xx_hal_uart.o
 .text.HAL_UART_AbortCpltCallback
                0x00000000        0x2 Drivers\STM32L4xx_HAL_Driver\Src\stm32l4xx_hal_uart.o
 .text.HAL_UART_Abort_IT
                0x00000000       0xc0 Drivers\STM32L4xx_HAL_Driver\Src\stm32l4xx_hal_uart.o
 .text.UART_DMARxAbortCallback
                0x00000000       0x3c Drivers\STM32L4xx_HAL_Driver\Src\stm32l4xx_hal_uart.o
 .text.UART_DMATxAbortCallback
                0x00000000       0x32 Drivers\STM32L4xx_HAL_Driver\Src\stm32l4xx_hal_uart.o
 .text.HAL_UART_AbortTransmitCpltCallback
                0x00000000        0x2 Drivers\STM32L4xx_HAL_Driver\Src\stm32l4xx_hal_uart.o
 .text.HAL_UART_AbortTransmit_IT
                0x00000000       0x50 Drivers\STM32L4xx_HAL_Driver\Src\stm32l4xx_hal_uart.o
 .text.UART_DMATxOnlyAbortCallback
                0x00000000       0x16 Drivers\STM32L4xx_HAL_Driver\Src\stm32l4xx_hal_uart.o
 .text.HAL_UART_AbortReceiveCpltCallback
                0x00000000        0x2 Drivers\STM32L4xx_HAL_Driver\Src\stm32l4xx_hal_uart.o
 .text.HAL_UART_AbortReceive_IT
                0x00000000       0x70 Drivers\STM32L4xx_HAL_Driver\Src\stm32l4xx_hal_uart.o
 .text.UART_DMARxOnlyAbortCallback
                0x00000000       0x26 Drivers\STM32L4xx_HAL_Driver\Src\stm32l4xx_hal_uart.o
 .text.HAL_MultiProcessor_EnterMuteMode
                0x00000000        0xe Drivers\STM32L4xx_HAL_Driver\Src\stm32l4xx_hal_uart.o
 .text.HAL_HalfDuplex_EnableTransmitter
                0x00000000       0x34 Drivers\STM32L4xx_HAL_Driver\Src\stm32l4xx_hal_uart.o
 .text.HAL_HalfDuplex_EnableReceiver
                0x00000000       0x34 Drivers\STM32L4xx_HAL_Driver\Src\stm32l4xx_hal_uart.o
 .text.HAL_LIN_SendBreak
                0x00000000       0x2e Drivers\STM32L4xx_HAL_Driver\Src\stm32l4xx_hal_uart.o
 .text.HAL_UART_GetState
                0x00000000        0xc Drivers\STM32L4xx_HAL_Driver\Src\stm32l4xx_hal_uart.o
 .text.HAL_UART_GetError
                0x00000000        0x4 Drivers\STM32L4xx_HAL_Driver\Src\stm32l4xx_hal_uart.o
 .text.HAL_UART_Receive
                0x00000000       0xde Drivers\STM32L4xx_HAL_Driver\Src\stm32l4xx_hal_uart.o
 .text.HAL_HalfDuplex_Init
                0x00000000       0x6c Drivers\STM32L4xx_HAL_Driver\Src\stm32l4xx_hal_uart.o
 .text.HAL_LIN_Init
                0x00000000       0x88 Drivers\STM32L4xx_HAL_Driver\Src\stm32l4xx_hal_uart.o
 .text.HAL_MultiProcessor_Init
                0x00000000       0x86 Drivers\STM32L4xx_HAL_Driver\Src\stm32l4xx_hal_uart.o
 .text.HAL_MultiProcessor_EnableMuteMode
                0x00000000       0x2c Drivers\STM32L4xx_HAL_Driver\Src\stm32l4xx_hal_uart.o
 .text.HAL_MultiProcessor_DisableMuteMode
                0x00000000       0x2c Drivers\STM32L4xx_HAL_Driver\Src\stm32l4xx_hal_uart.o
 .text          0x00000000        0x0 Drivers\STM32L4xx_HAL_Driver\Src\stm32l4xx_hal_uart_ex.o
 .data          0x00000000        0x0 Drivers\STM32L4xx_HAL_Driver\Src\stm32l4xx_hal_uart_ex.o
 .bss           0x00000000        0x0 Drivers\STM32L4xx_HAL_Driver\Src\stm32l4xx_hal_uart_ex.o
 .text.HAL_RS485Ex_Init
                0x00000000       0x82 Drivers\STM32L4xx_HAL_Driver\Src\stm32l4xx_hal_uart_ex.o
 .text.HAL_UARTEx_WakeupCallback
                0x00000000        0x2 Drivers\STM32L4xx_HAL_Driver\Src\stm32l4xx_hal_uart_ex.o
 .text.HAL_MultiProcessorEx_AddressLength_Set
                0x00000000       0x2c Drivers\STM32L4xx_HAL_Driver\Src\stm32l4xx_hal_uart_ex.o
 .text.HAL_UARTEx_StopModeWakeUpSourceConfig
                0x00000000       0x8e Drivers\STM32L4xx_HAL_Driver\Src\stm32l4xx_hal_uart_ex.o
 .text.HAL_UARTEx_EnableStopMode
                0x00000000       0x2c Drivers\STM32L4xx_HAL_Driver\Src\stm32l4xx_hal_uart_ex.o
 .text.HAL_UARTEx_DisableStopMode
                0x00000000       0x2c Drivers\STM32L4xx_HAL_Driver\Src\stm32l4xx_hal_uart_ex.o
 .debug_info    0x00000000     0x11e9 Drivers\STM32L4xx_HAL_Driver\Src\stm32l4xx_hal_uart_ex.o
 .debug_abbrev  0x00000000      0x2b1 Drivers\STM32L4xx_HAL_Driver\Src\stm32l4xx_hal_uart_ex.o
 .debug_loc     0x00000000      0x300 Drivers\STM32L4xx_HAL_Driver\Src\stm32l4xx_hal_uart_ex.o
 .debug_aranges
                0x00000000       0x48 Drivers\STM32L4xx_HAL_Driver\Src\stm32l4xx_hal_uart_ex.o
 .debug_ranges  0x00000000       0x38 Drivers\STM32L4xx_HAL_Driver\Src\stm32l4xx_hal_uart_ex.o
 .debug_line    0x00000000      0x400 Drivers\STM32L4xx_HAL_Driver\Src\stm32l4xx_hal_uart_ex.o
 .debug_str     0x00000000      0xd18 Drivers\STM32L4xx_HAL_Driver\Src\stm32l4xx_hal_uart_ex.o
 .comment       0x00000000       0x7d Drivers\STM32L4xx_HAL_Driver\Src\stm32l4xx_hal_uart_ex.o
 .debug_frame   0x00000000       0x9c Drivers\STM32L4xx_HAL_Driver\Src\stm32l4xx_hal_uart_ex.o
 .ARM.attributes
                0x00000000       0x39 Drivers\STM32L4xx_HAL_Driver\Src\stm32l4xx_hal_uart_ex.o
 .text          0x00000000        0x0 Src\main.o
 .data          0x00000000        0x0 Src\main.o
 .bss           0x00000000        0x0 Src\main.o
 .text._Error_Handler
                0x00000000        0x2 Src\main.o
 .text          0x00000000        0x0 Src\stm32l4xx_hal_msp.o
 .data          0x00000000        0x0 Src\stm32l4xx_hal_msp.o
 .bss           0x00000000        0x0 Src\stm32l4xx_hal_msp.o
 .text.HAL_I2C_MspDeInit
                0x00000000       0x28 Src\stm32l4xx_hal_msp.o
 .text.HAL_UART_MspDeInit
                0x00000000       0x44 Src\stm32l4xx_hal_msp.o
 .text          0x00000000        0x0 Src\stm32l4xx_it.o
 .data          0x00000000        0x0 Src\stm32l4xx_it.o
 .bss           0x00000000        0x0 Src\stm32l4xx_it.o
 .text          0x00000000        0x0 Src\system_stm32l4xx.o
 .data          0x00000000        0x0 Src\system_stm32l4xx.o
 .bss           0x00000000        0x0 Src\system_stm32l4xx.o
 .text.SystemCoreClockUpdate
                0x00000000       0xb4 Src\system_stm32l4xx.o
 .text          0x00000000       0x14 startup\startup_stm32l432xx.o
 .data          0x00000000        0x0 startup\startup_stm32l432xx.o
 .bss           0x00000000        0x0 startup\startup_stm32l432xx.o
 .text          0x00000000        0x0 c:/program files (x86)/atollic/truestudio for stm32 9.0.1/armtools/bin/../lib/gcc/arm-atollic-eabi/6.3.1/../../../../arm-atollic-eabi/lib/armv7e-m/fpu\libc_nano.a(lib_a-init.o)
 .data          0x00000000        0x0 c:/program files (x86)/atollic/truestudio for stm32 9.0.1/armtools/bin/../lib/gcc/arm-atollic-eabi/6.3.1/../../../../arm-atollic-eabi/lib/armv7e-m/fpu\libc_nano.a(lib_a-init.o)
 .bss           0x00000000        0x0 c:/program files (x86)/atollic/truestudio for stm32 9.0.1/armtools/bin/../lib/gcc/arm-atollic-eabi/6.3.1/../../../../arm-atollic-eabi/lib/armv7e-m/fpu\libc_nano.a(lib_a-init.o)
 .data          0x00000000        0x0 c:/program files (x86)/atollic/truestudio for stm32 9.0.1/armtools/bin/../lib/gcc/arm-atollic-eabi/6.3.1/../../../../arm-atollic-eabi/lib/armv7e-m/fpu\libc_nano.a(lib_a-strlen.o)
 .bss           0x00000000        0x0 c:/program files (x86)/atollic/truestudio for stm32 9.0.1/armtools/bin/../lib/gcc/arm-atollic-eabi/6.3.1/../../../../arm-atollic-eabi/lib/armv7e-m/fpu\libc_nano.a(lib_a-strlen.o)
 .data          0x00000000        0x0 c:/program files (x86)/atollic/truestudio for stm32 9.0.1/armtools/bin/../lib/gcc/arm-atollic-eabi/6.3.1/armv7e-m/fpu\libgcc.a(_aeabi_uldivmod.o)
 .bss           0x00000000        0x0 c:/program files (x86)/atollic/truestudio for stm32 9.0.1/armtools/bin/../lib/gcc/arm-atollic-eabi/6.3.1/armv7e-m/fpu\libgcc.a(_aeabi_uldivmod.o)
 .data          0x00000000        0x0 c:/program files (x86)/atollic/truestudio for stm32 9.0.1/armtools/bin/../lib/gcc/arm-atollic-eabi/6.3.1/armv7e-m/fpu\libgcc.a(_udivmoddi4.o)
 .bss           0x00000000        0x0 c:/program files (x86)/atollic/truestudio for stm32 9.0.1/armtools/bin/../lib/gcc/arm-atollic-eabi/6.3.1/armv7e-m/fpu\libgcc.a(_udivmoddi4.o)
 .ARM.extab     0x00000000        0x0 c:/program files (x86)/atollic/truestudio for stm32 9.0.1/armtools/bin/../lib/gcc/arm-atollic-eabi/6.3.1/armv7e-m/fpu\libgcc.a(_udivmoddi4.o)
 .data          0x00000000        0x0 c:/program files (x86)/atollic/truestudio for stm32 9.0.1/armtools/bin/../lib/gcc/arm-atollic-eabi/6.3.1/armv7e-m/fpu\libgcc.a(_dvmd_tls.o)
 .bss           0x00000000        0x0 c:/program files (x86)/atollic/truestudio for stm32 9.0.1/armtools/bin/../lib/gcc/arm-atollic-eabi/6.3.1/armv7e-m/fpu\libgcc.a(_dvmd_tls.o)
 .text          0x00000000        0x0 c:/program files (x86)/atollic/truestudio for stm32 9.0.1/armtools/bin/../lib/gcc/arm-atollic-eabi/6.3.1/armv7e-m/fpu/crtend.o
 .data          0x00000000        0x0 c:/program files (x86)/atollic/truestudio for stm32 9.0.1/armtools/bin/../lib/gcc/arm-atollic-eabi/6.3.1/armv7e-m/fpu/crtend.o
 .bss           0x00000000        0x0 c:/program files (x86)/atollic/truestudio for stm32 9.0.1/armtools/bin/../lib/gcc/arm-atollic-eabi/6.3.1/armv7e-m/fpu/crtend.o
 .eh_frame      0x00000000        0x4 c:/program files (x86)/atollic/truestudio for stm32 9.0.1/armtools/bin/../lib/gcc/arm-atollic-eabi/6.3.1/armv7e-m/fpu/crtend.o
 .ARM.attributes
                0x00000000       0x34 c:/program files (x86)/atollic/truestudio for stm32 9.0.1/armtools/bin/../lib/gcc/arm-atollic-eabi/6.3.1/armv7e-m/fpu/crtend.o
 .text          0x00000000        0x0 c:/program files (x86)/atollic/truestudio for stm32 9.0.1/armtools/bin/../lib/gcc/arm-atollic-eabi/6.3.1/armv7e-m/fpu/crtn.o
 .data          0x00000000        0x0 c:/program files (x86)/atollic/truestudio for stm32 9.0.1/armtools/bin/../lib/gcc/arm-atollic-eabi/6.3.1/armv7e-m/fpu/crtn.o
 .bss           0x00000000        0x0 c:/program files (x86)/atollic/truestudio for stm32 9.0.1/armtools/bin/../lib/gcc/arm-atollic-eabi/6.3.1/armv7e-m/fpu/crtn.o

Memory Configuration

Name             Origin             Length             Attributes
RAM              0x20000000         0x00010000         xrw
FLASH            0x08000000         0x00040000         xr
*default*        0x00000000         0xffffffff

Linker script and memory map

LOAD c:/program files (x86)/atollic/truestudio for stm32 9.0.1/armtools/bin/../lib/gcc/arm-atollic-eabi/6.3.1/armv7e-m/fpu/crti.o
LOAD c:/program files (x86)/atollic/truestudio for stm32 9.0.1/armtools/bin/../lib/gcc/arm-atollic-eabi/6.3.1/armv7e-m/fpu/crtbegin.o
LOAD Drivers\STM32L4xx_HAL_Driver\Src\stm32l4xx_hal.o
LOAD Drivers\STM32L4xx_HAL_Driver\Src\stm32l4xx_hal_cortex.o
LOAD Drivers\STM32L4xx_HAL_Driver\Src\stm32l4xx_hal_dma.o
LOAD Drivers\STM32L4xx_HAL_Driver\Src\stm32l4xx_hal_dma_ex.o
LOAD Drivers\STM32L4xx_HAL_Driver\Src\stm32l4xx_hal_flash.o
LOAD Drivers\STM32L4xx_HAL_Driver\Src\stm32l4xx_hal_flash_ex.o
LOAD Drivers\STM32L4xx_HAL_Driver\Src\stm32l4xx_hal_flash_ramfunc.o
LOAD Drivers\STM32L4xx_HAL_Driver\Src\stm32l4xx_hal_gpio.o
LOAD Drivers\STM32L4xx_HAL_Driver\Src\stm32l4xx_hal_i2c.o
LOAD Drivers\STM32L4xx_HAL_Driver\Src\stm32l4xx_hal_i2c_ex.o
LOAD Drivers\STM32L4xx_HAL_Driver\Src\stm32l4xx_hal_pwr.o
LOAD Drivers\STM32L4xx_HAL_Driver\Src\stm32l4xx_hal_pwr_ex.o
LOAD Drivers\STM32L4xx_HAL_Driver\Src\stm32l4xx_hal_rcc.o
LOAD Drivers\STM32L4xx_HAL_Driver\Src\stm32l4xx_hal_rcc_ex.o
LOAD Drivers\STM32L4xx_HAL_Driver\Src\stm32l4xx_hal_tim.o
LOAD Drivers\STM32L4xx_HAL_Driver\Src\stm32l4xx_hal_tim_ex.o
LOAD Drivers\STM32L4xx_HAL_Driver\Src\stm32l4xx_hal_uart.o
LOAD Drivers\STM32L4xx_HAL_Driver\Src\stm32l4xx_hal_uart_ex.o
LOAD Src\main.o
LOAD Src\stm32l4xx_hal_msp.o
LOAD Src\stm32l4xx_it.o
LOAD Src\system_stm32l4xx.o
LOAD startup\startup_stm32l432xx.o
                0x00000080                malloc_getpagesize_P = 0x80
START GROUP
LOAD c:/program files (x86)/atollic/truestudio for stm32 9.0.1/armtools/bin/../lib/gcc/arm-atollic-eabi/6.3.1/../../../../arm-atollic-eabi/lib/armv7e-m/fpu\libc_nano.a
LOAD c:/program files (x86)/atollic/truestudio for stm32 9.0.1/armtools/bin/../lib/gcc/arm-atollic-eabi/6.3.1/../../../../arm-atollic-eabi/lib/armv7e-m/fpu\libm.a
END GROUP
START GROUP
LOAD c:/program files (x86)/atollic/truestudio for stm32 9.0.1/armtools/bin/../lib/gcc/arm-atollic-eabi/6.3.1/armv7e-m/fpu\libgcc.a
LOAD c:/program files (x86)/atollic/truestudio for stm32 9.0.1/armtools/bin/../lib/gcc/arm-atollic-eabi/6.3.1/../../../../arm-atollic-eabi/lib/armv7e-m/fpu\libc_nano.a
END GROUP
START GROUP
LOAD c:/program files (x86)/atollic/truestudio for stm32 9.0.1/armtools/bin/../lib/gcc/arm-atollic-eabi/6.3.1/armv7e-m/fpu\libgcc.a
LOAD c:/program files (x86)/atollic/truestudio for stm32 9.0.1/armtools/bin/../lib/gcc/arm-atollic-eabi/6.3.1/../../../../arm-atollic-eabi/lib/armv7e-m/fpu\libc_nano.a
LOAD c:/program files (x86)/atollic/truestudio for stm32 9.0.1/armtools/bin/../lib/gcc/arm-atollic-eabi/6.3.1/../../../../arm-atollic-eabi/lib/armv7e-m/fpu\libnosys.a
END GROUP
START GROUP
LOAD c:/program files (x86)/atollic/truestudio for stm32 9.0.1/armtools/bin/../lib/gcc/arm-atollic-eabi/6.3.1/armv7e-m/fpu\libgcc.a
LOAD c:/program files (x86)/atollic/truestudio for stm32 9.0.1/armtools/bin/../lib/gcc/arm-atollic-eabi/6.3.1/../../../../arm-atollic-eabi/lib/armv7e-m/fpu\libc_nano.a
LOAD c:/program files (x86)/atollic/truestudio for stm32 9.0.1/armtools/bin/../lib/gcc/arm-atollic-eabi/6.3.1/../../../../arm-atollic-eabi/lib/armv7e-m/fpu\libnosys.a
END GROUP
LOAD c:/program files (x86)/atollic/truestudio for stm32 9.0.1/armtools/bin/../lib/gcc/arm-atollic-eabi/6.3.1/armv7e-m/fpu/crtend.o
LOAD c:/program files (x86)/atollic/truestudio for stm32 9.0.1/armtools/bin/../lib/gcc/arm-atollic-eabi/6.3.1/armv7e-m/fpu/crtn.o
                0x20010000                _estack = 0x20010000
                0x00000200                _Min_Heap_Size = 0x200
                0x00000400                _Min_Stack_Size = 0x400

.isr_vector     0x08000000      0x18c
                0x08000000                . = ALIGN (0x4)
 *(.isr_vector)
 .isr_vector    0x08000000      0x18c startup\startup_stm32l432xx.o
                0x08000000                g_pfnVectors
                0x0800018c                . = ALIGN (0x4)

.text           0x0800018c     0x1d0c
                0x0800018c                . = ALIGN (0x4)
 *(.text)
 .text          0x0800018c       0x40 c:/program files (x86)/atollic/truestudio for stm32 9.0.1/armtools/bin/../lib/gcc/arm-atollic-eabi/6.3.1/armv7e-m/fpu/crtbegin.o
 .text          0x080001cc       0x10 c:/program files (x86)/atollic/truestudio for stm32 9.0.1/armtools/bin/../lib/gcc/arm-atollic-eabi/6.3.1/../../../../arm-atollic-eabi/lib/armv7e-m/fpu\libc_nano.a(lib_a-strlen.o)
                0x080001cc                strlen
 .text          0x080001dc       0x30 c:/program files (x86)/atollic/truestudio for stm32 9.0.1/armtools/bin/../lib/gcc/arm-atollic-eabi/6.3.1/armv7e-m/fpu\libgcc.a(_aeabi_uldivmod.o)
                0x080001dc                __aeabi_uldivmod
 .text          0x0800020c      0x2dc c:/program files (x86)/atollic/truestudio for stm32 9.0.1/armtools/bin/../lib/gcc/arm-atollic-eabi/6.3.1/armv7e-m/fpu\libgcc.a(_udivmoddi4.o)
                0x0800020c                __udivmoddi4
 .text          0x080004e8        0x4 c:/program files (x86)/atollic/truestudio for stm32 9.0.1/armtools/bin/../lib/gcc/arm-atollic-eabi/6.3.1/armv7e-m/fpu\libgcc.a(_dvmd_tls.o)
                0x080004e8                __aeabi_idiv0
                0x080004e8                __aeabi_ldiv0
 *(.text*)
 .text.HAL_InitTick
                0x080004ec       0x28 Drivers\STM32L4xx_HAL_Driver\Src\stm32l4xx_hal.o
                0x080004ec                HAL_InitTick
 .text.HAL_Init
                0x08000514       0x16 Drivers\STM32L4xx_HAL_Driver\Src\stm32l4xx_hal.o
                0x08000514                HAL_Init
 *fill*         0x0800052a        0x2 
 .text.HAL_IncTick
                0x0800052c       0x10 Drivers\STM32L4xx_HAL_Driver\Src\stm32l4xx_hal.o
                0x0800052c                HAL_IncTick
 .text.HAL_GetTick
                0x0800053c        0xc Drivers\STM32L4xx_HAL_Driver\Src\stm32l4xx_hal.o
                0x0800053c                HAL_GetTick
 .text.HAL_Delay
                0x08000548       0x1c Drivers\STM32L4xx_HAL_Driver\Src\stm32l4xx_hal.o
                0x08000548                HAL_Delay
 .text.HAL_NVIC_SetPriorityGrouping
                0x08000564       0x24 Drivers\STM32L4xx_HAL_Driver\Src\stm32l4xx_hal_cortex.o
                0x08000564                HAL_NVIC_SetPriorityGrouping
 .text.HAL_NVIC_SetPriority
                0x08000588       0x68 Drivers\STM32L4xx_HAL_Driver\Src\stm32l4xx_hal_cortex.o
                0x08000588                HAL_NVIC_SetPriority
 .text.HAL_SYSTICK_Config
                0x080005f0       0x2c Drivers\STM32L4xx_HAL_Driver\Src\stm32l4xx_hal_cortex.o
                0x080005f0                HAL_SYSTICK_Config
 .text.HAL_SYSTICK_CLKSourceConfig
                0x0800061c       0x18 Drivers\STM32L4xx_HAL_Driver\Src\stm32l4xx_hal_cortex.o
                0x0800061c                HAL_SYSTICK_CLKSourceConfig
 .text.HAL_SYSTICK_Callback
                0x08000634        0x2 Drivers\STM32L4xx_HAL_Driver\Src\stm32l4xx_hal_cortex.o
                0x08000634                HAL_SYSTICK_Callback
 .text.HAL_SYSTICK_IRQHandler
                0x08000636        0x8 Drivers\STM32L4xx_HAL_Driver\Src\stm32l4xx_hal_cortex.o
                0x08000636                HAL_SYSTICK_IRQHandler
 *fill*         0x0800063e        0x2 
 .text.HAL_GPIO_Init
                0x08000640      0x168 Drivers\STM32L4xx_HAL_Driver\Src\stm32l4xx_hal_gpio.o
                0x08000640                HAL_GPIO_Init
 .text.HAL_GPIO_WritePin
                0x080007a8        0xa Drivers\STM32L4xx_HAL_Driver\Src\stm32l4xx_hal_gpio.o
                0x080007a8                HAL_GPIO_WritePin
 .text.HAL_I2C_Init
                0x080007b2       0xa2 Drivers\STM32L4xx_HAL_Driver\Src\stm32l4xx_hal_i2c.o
                0x080007b2                HAL_I2C_Init
 .text.HAL_I2CEx_ConfigAnalogFilter
                0x08000854       0x4c Drivers\STM32L4xx_HAL_Driver\Src\stm32l4xx_hal_i2c_ex.o
                0x08000854                HAL_I2CEx_ConfigAnalogFilter
 .text.HAL_I2CEx_ConfigDigitalFilter
                0x080008a0       0x4a Drivers\STM32L4xx_HAL_Driver\Src\stm32l4xx_hal_i2c_ex.o
                0x080008a0                HAL_I2CEx_ConfigDigitalFilter
 *fill*         0x080008ea        0x2 
 .text.HAL_PWR_EnableBkUpAccess
                0x080008ec       0x10 Drivers\STM32L4xx_HAL_Driver\Src\stm32l4xx_hal_pwr.o
                0x080008ec                HAL_PWR_EnableBkUpAccess
 .text.HAL_PWREx_GetVoltageRange
                0x080008fc       0x10 Drivers\STM32L4xx_HAL_Driver\Src\stm32l4xx_hal_pwr_ex.o
                0x080008fc                HAL_PWREx_GetVoltageRange
 .text.HAL_PWREx_ControlVoltageScaling
                0x0800090c       0x68 Drivers\STM32L4xx_HAL_Driver\Src\stm32l4xx_hal_pwr_ex.o
                0x0800090c                HAL_PWREx_ControlVoltageScaling
 .text.RCC_SetFlashLatencyFromMSIRange
                0x08000974       0x84 Drivers\STM32L4xx_HAL_Driver\Src\stm32l4xx_hal_rcc.o
 .text.HAL_RCC_GetSysClockFreq
                0x080009f8       0xd0 Drivers\STM32L4xx_HAL_Driver\Src\stm32l4xx_hal_rcc.o
                0x080009f8                HAL_RCC_GetSysClockFreq
 .text.HAL_RCC_OscConfig
                0x08000ac8      0x4b8 Drivers\STM32L4xx_HAL_Driver\Src\stm32l4xx_hal_rcc.o
                0x08000ac8                HAL_RCC_OscConfig
 .text.HAL_RCC_ClockConfig
                0x08000f80      0x16c Drivers\STM32L4xx_HAL_Driver\Src\stm32l4xx_hal_rcc.o
                0x08000f80                HAL_RCC_ClockConfig
 .text.HAL_RCC_GetHCLKFreq
                0x080010ec        0xc Drivers\STM32L4xx_HAL_Driver\Src\stm32l4xx_hal_rcc.o
                0x080010ec                HAL_RCC_GetHCLKFreq
 .text.HAL_RCC_GetPCLK1Freq
                0x080010f8       0x20 Drivers\STM32L4xx_HAL_Driver\Src\stm32l4xx_hal_rcc.o
                0x080010f8                HAL_RCC_GetPCLK1Freq
 .text.HAL_RCC_GetPCLK2Freq
                0x08001118       0x20 Drivers\STM32L4xx_HAL_Driver\Src\stm32l4xx_hal_rcc.o
                0x08001118                HAL_RCC_GetPCLK2Freq
 .text.RCCEx_PLLSAI1_Config
                0x08001138      0x118 Drivers\STM32L4xx_HAL_Driver\Src\stm32l4xx_hal_rcc_ex.o
 .text.HAL_RCCEx_PeriphCLKConfig
                0x08001250      0x284 Drivers\STM32L4xx_HAL_Driver\Src\stm32l4xx_hal_rcc_ex.o
                0x08001250                HAL_RCCEx_PeriphCLKConfig
 .text.HAL_RCCEx_EnableMSIPLLMode
                0x080014d4       0x10 Drivers\STM32L4xx_HAL_Driver\Src\stm32l4xx_hal_rcc_ex.o
                0x080014d4                HAL_RCCEx_EnableMSIPLLMode
 .text.UART_SetConfig
                0x080014e4      0x244 Drivers\STM32L4xx_HAL_Driver\Src\stm32l4xx_hal_uart.o
                0x080014e4                UART_SetConfig
 .text.UART_AdvFeatureConfig
                0x08001728       0xa8 Drivers\STM32L4xx_HAL_Driver\Src\stm32l4xx_hal_uart.o
                0x08001728                UART_AdvFeatureConfig
 .text.UART_WaitOnFlagUntilTimeout
                0x080017d0       0x62 Drivers\STM32L4xx_HAL_Driver\Src\stm32l4xx_hal_uart.o
                0x080017d0                UART_WaitOnFlagUntilTimeout
 .text.HAL_UART_Transmit
                0x08001832       0xae Drivers\STM32L4xx_HAL_Driver\Src\stm32l4xx_hal_uart.o
                0x08001832                HAL_UART_Transmit
 .text.UART_CheckIdleState
                0x080018e0       0x64 Drivers\STM32L4xx_HAL_Driver\Src\stm32l4xx_hal_uart.o
                0x080018e0                UART_CheckIdleState
 .text.HAL_UART_Init
                0x08001944       0x64 Drivers\STM32L4xx_HAL_Driver\Src\stm32l4xx_hal_uart.o
                0x08001944                HAL_UART_Init
 .text.SystemClock_Config
                0x080019a8       0xb0 Src\main.o
                0x080019a8                SystemClock_Config
 .text.startup.main
                0x08001a58      0x1c0 Src\main.o
                0x08001a58                main
 .text.HAL_MspInit
                0x08001c18       0x8c Src\stm32l4xx_hal_msp.o
                0x08001c18                HAL_MspInit
 .text.HAL_I2C_MspInit
                0x08001ca4       0x50 Src\stm32l4xx_hal_msp.o
                0x08001ca4                HAL_I2C_MspInit
 .text.HAL_UART_MspInit
                0x08001cf4       0x98 Src\stm32l4xx_hal_msp.o
                0x08001cf4                HAL_UART_MspInit
 .text.SysTick_Handler
                0x08001d8c        0xe Src\stm32l4xx_it.o
                0x08001d8c                SysTick_Handler
 *fill*         0x08001d9a        0x2 
 .text.SystemInit
                0x08001d9c       0x48 Src\system_stm32l4xx.o
                0x08001d9c                SystemInit
 .text.Reset_Handler
                0x08001de4       0x50 startup\startup_stm32l432xx.o
                0x08001de4                Reset_Handler
 .text.Default_Handler
                0x08001e34        0x2 startup\startup_stm32l432xx.o
                0x08001e34                RTC_Alarm_IRQHandler
                0x08001e34                EXTI2_IRQHandler
                0x08001e34                DebugMon_Handler
                0x08001e34                TIM1_CC_IRQHandler
                0x08001e34                TSC_IRQHandler
                0x08001e34                HardFault_Handler
                0x08001e34                TAMP_STAMP_IRQHandler
                0x08001e34                PendSV_Handler
                0x08001e34                NMI_Handler
                0x08001e34                EXTI3_IRQHandler
                0x08001e34                LPTIM2_IRQHandler
                0x08001e34                I2C3_ER_IRQHandler
                0x08001e34                EXTI0_IRQHandler
                0x08001e34                CAN1_RX0_IRQHandler
                0x08001e34                FPU_IRQHandler
                0x08001e34                TIM1_UP_TIM16_IRQHandler
                0x08001e34                UsageFault_Handler
                0x08001e34                SPI1_IRQHandler
                0x08001e34                TIM6_DAC_IRQHandler
                0x08001e34                DMA2_Channel2_IRQHandler
                0x08001e34                DMA1_Channel4_IRQHandler
                0x08001e34                ADC1_IRQHandler
                0x08001e34                DMA1_Channel7_IRQHandler
                0x08001e34                CAN1_RX1_IRQHandler
                0x08001e34                DMA2_Channel1_IRQHandler
                0x08001e34                QUADSPI_IRQHandler
                0x08001e34                I2C1_EV_IRQHandler
                0x08001e34                DMA1_Channel6_IRQHandler
                0x08001e34                DMA2_Channel4_IRQHandler
                0x08001e34                RCC_IRQHandler
                0x08001e34                TIM1_TRG_COM_IRQHandler
                0x08001e34                DMA1_Channel1_IRQHandler
                0x08001e34                Default_Handler
                0x08001e34                DMA2_Channel7_IRQHandler
                0x08001e34                EXTI15_10_IRQHandler
                0x08001e34                TIM7_IRQHandler
                0x08001e34                I2C3_EV_IRQHandler
                0x08001e34                USB_IRQHandler
                0x08001e34                EXTI9_5_IRQHandler
                0x08001e34                RTC_WKUP_IRQHandler
                0x08001e34                PVD_PVM_IRQHandler
                0x08001e34                MemManage_Handler
                0x08001e34                CAN1_TX_IRQHandler
                0x08001e34                SVC_Handler
                0x08001e34                DMA2_Channel5_IRQHandler
                0x08001e34                CRS_IRQHandler
                0x08001e34                DMA1_Channel5_IRQHandler
                0x08001e34                EXTI4_IRQHandler
                0x08001e34                RNG_IRQHandler
                0x08001e34                DMA1_Channel3_IRQHandler
                0x08001e34                COMP_IRQHandler
                0x08001e34                WWDG_IRQHandler
                0x08001e34                LPUART1_IRQHandler
                0x08001e34                DMA2_Channel6_IRQHandler
                0x08001e34                TIM2_IRQHandler
                0x08001e34                EXTI1_IRQHandler
                0x08001e34                USART2_IRQHandler
                0x08001e34                DMA1_Channel2_IRQHandler
                0x08001e34                CAN1_SCE_IRQHandler
                0x08001e34                FLASH_IRQHandler
                0x08001e34                BusFault_Handler
                0x08001e34                USART1_IRQHandler
                0x08001e34                SPI3_IRQHandler
                0x08001e34                I2C1_ER_IRQHandler
                0x08001e34                SWPMI1_IRQHandler
                0x08001e34                LPTIM1_IRQHandler
                0x08001e34                SAI1_IRQHandler
                0x08001e34                DMA2_Channel3_IRQHandler
                0x08001e34                TIM1_BRK_TIM15_IRQHandler
 *fill*         0x08001e36        0x2 
 .text.__libc_init_array
                0x08001e38       0x48 c:/program files (x86)/atollic/truestudio for stm32 9.0.1/armtools/bin/../lib/gcc/arm-atollic-eabi/6.3.1/../../../../arm-atollic-eabi/lib/armv7e-m/fpu\libc_nano.a(lib_a-init.o)
                0x08001e38                __libc_init_array
 *(.glue_7)
 .glue_7        0x08001e80        0x0 linker stubs
 *(.glue_7t)
 .glue_7t       0x08001e80        0x0 linker stubs
 *(.eh_frame)
 .eh_frame      0x08001e80        0x0 c:/program files (x86)/atollic/truestudio for stm32 9.0.1/armtools/bin/../lib/gcc/arm-atollic-eabi/6.3.1/armv7e-m/fpu/crtbegin.o
 *(.init)
 .init          0x08001e80        0x4 c:/program files (x86)/atollic/truestudio for stm32 9.0.1/armtools/bin/../lib/gcc/arm-atollic-eabi/6.3.1/armv7e-m/fpu/crti.o
                0x08001e80                _init
 .init          0x08001e84        0x8 c:/program files (x86)/atollic/truestudio for stm32 9.0.1/armtools/bin/../lib/gcc/arm-atollic-eabi/6.3.1/armv7e-m/fpu/crtn.o
 *(.fini)
 .fini          0x08001e8c        0x4 c:/program files (x86)/atollic/truestudio for stm32 9.0.1/armtools/bin/../lib/gcc/arm-atollic-eabi/6.3.1/armv7e-m/fpu/crti.o
                0x08001e8c                _fini
 .fini          0x08001e90        0x8 c:/program files (x86)/atollic/truestudio for stm32 9.0.1/armtools/bin/../lib/gcc/arm-atollic-eabi/6.3.1/armv7e-m/fpu/crtn.o
                0x08001e98                . = ALIGN (0x4)
                0x08001e98                _etext = .

.vfp11_veneer   0x08001e98        0x0
 .vfp11_veneer  0x08001e98        0x0 linker stubs

.v4_bx          0x08001e98        0x0
 .v4_bx         0x08001e98        0x0 linker stubs

.iplt           0x08001e98        0x0
 .iplt          0x08001e98        0x0 c:/program files (x86)/atollic/truestudio for stm32 9.0.1/armtools/bin/../lib/gcc/arm-atollic-eabi/6.3.1/armv7e-m/fpu/crtbegin.o

.rodata         0x08001e98       0x64
                0x08001e98                . = ALIGN (0x4)
 *(.rodata)
 .rodata        0x08001e98        0x8 Src\main.o
 *(.rodata*)
 .rodata.CSWTCH.51
                0x08001ea0        0x4 Drivers\STM32L4xx_HAL_Driver\Src\stm32l4xx_hal_uart.o
 .rodata.CSWTCH.52
                0x08001ea4        0xd Drivers\STM32L4xx_HAL_Driver\Src\stm32l4xx_hal_uart.o
 .rodata.AHBPrescTable
                0x08001eb1       0x10 Src\system_stm32l4xx.o
                0x08001eb1                AHBPrescTable
 .rodata.APBPrescTable
                0x08001ec1        0x8 Src\system_stm32l4xx.o
                0x08001ec1                APBPrescTable
 *fill*         0x08001ec9        0x3 
 .rodata.MSIRangeTable
                0x08001ecc       0x30 Src\system_stm32l4xx.o
                0x08001ecc                MSIRangeTable
                0x08001efc                . = ALIGN (0x4)

.ARM.extab
 *(.ARM.extab* .gnu.linkonce.armextab.*)

.ARM            0x08001efc        0x8
                0x08001efc                __exidx_start = .
 *(.ARM.exidx*)
 .ARM.exidx     0x08001efc        0x8 c:/program files (x86)/atollic/truestudio for stm32 9.0.1/armtools/bin/../lib/gcc/arm-atollic-eabi/6.3.1/armv7e-m/fpu\libgcc.a(_udivmoddi4.o)
                0x08001f04                __exidx_end = .

.rel.dyn        0x08001f04        0x0
 .rel.iplt      0x08001f04        0x0 c:/program files (x86)/atollic/truestudio for stm32 9.0.1/armtools/bin/../lib/gcc/arm-atollic-eabi/6.3.1/armv7e-m/fpu/crtbegin.o

.preinit_array  0x08001f04        0x0
                0x08001f04                PROVIDE (__preinit_array_start, .)
 *(.preinit_array*)
                0x08001f04                PROVIDE (__preinit_array_end, .)

.init_array     0x08001f04        0x4
                0x08001f04                PROVIDE (__init_array_start, .)
 *(SORT(.init_array.*))
 *(.init_array*)
 .init_array    0x08001f04        0x4 c:/program files (x86)/atollic/truestudio for stm32 9.0.1/armtools/bin/../lib/gcc/arm-atollic-eabi/6.3.1/armv7e-m/fpu/crtbegin.o
                0x08001f08                PROVIDE (__init_array_end, .)

.fini_array     0x08001f08        0x4
                [!provide]                PROVIDE (__fini_array_start, .)
 *(SORT(.fini_array.*))
 *(.fini_array*)
 .fini_array    0x08001f08        0x4 c:/program files (x86)/atollic/truestudio for stm32 9.0.1/armtools/bin/../lib/gcc/arm-atollic-eabi/6.3.1/armv7e-m/fpu/crtbegin.o
                [!provide]                PROVIDE (__fini_array_end, .)
                0x08001f0c                _sidata = LOADADDR (.data)

.data           0x20000000        0x8 load address 0x08001f0c
                0x20000000                . = ALIGN (0x4)
                0x20000000                _sdata = .
 *(.data)
 *(.data*)
 .data.length_LSB
                0x20000000        0x1 Src\main.o
                0x20000000                length_LSB
 .data.start_delimeter
                0x20000001        0x1 Src\main.o
                0x20000001                start_delimeter
 *fill*         0x20000002        0x2 
 .data.SystemCoreClock
                0x20000004        0x4 Src\system_stm32l4xx.o
                0x20000004                SystemCoreClock
                0x20000008                . = ALIGN (0x4)
                0x20000008                _edata = .

.igot.plt       0x20000008        0x0 load address 0x08001f14
 .igot.plt      0x20000008        0x0 c:/program files (x86)/atollic/truestudio for stm32 9.0.1/armtools/bin/../lib/gcc/arm-atollic-eabi/6.3.1/armv7e-m/fpu/crtbegin.o
                0x20000008                . = ALIGN (0x4)

.bss            0x20000008      0x160 load address 0x08001f14
                0x20000008                _sbss = .
                0x20000008                __bss_start__ = _sbss
 *(.bss)
 .bss           0x20000008       0x1c c:/program files (x86)/atollic/truestudio for stm32 9.0.1/armtools/bin/../lib/gcc/arm-atollic-eabi/6.3.1/armv7e-m/fpu/crtbegin.o
 *(.bss*)
 .bss.length_MSB
                0x20000024        0x1 Src\main.o
                0x20000024                length_MSB
 *(COMMON)
 *fill*         0x20000025        0x3 
 COMMON         0x20000028        0x4 Drivers\STM32L4xx_HAL_Driver\Src\stm32l4xx_hal.o
                0x20000028                uwTick
 COMMON         0x2000002c      0x13c Src\main.o
                0x2000002c                hi2c1
                0x20000078                huart1
                0x200000f0                huart2
                0x20000168                . = ALIGN (0x4)
                0x20000168                _ebss = .
                0x20000168                __bss_end__ = _ebss

._user_heap_stack
                0x20000168      0x600 load address 0x08001f14
                0x20000168                . = ALIGN (0x4)
                [!provide]                PROVIDE (end, .)
                [!provide]                PROVIDE (_end, .)
                0x20000368                . = (. + _Min_Heap_Size)
 *fill*         0x20000168      0x200 
                0x20000768                . = (. + _Min_Stack_Size)
 *fill*         0x20000368      0x400 
                0x20000768                . = ALIGN (0x4)

/DISCARD/
 libc.a(*)
 libm.a(*)
 libgcc.a(*)

.ARM.attributes
                0x00000000       0x30
 *(.ARM.attributes)
 .ARM.attributes
                0x00000000       0x22 c:/program files (x86)/atollic/truestudio for stm32 9.0.1/armtools/bin/../lib/gcc/arm-atollic-eabi/6.3.1/armv7e-m/fpu/crti.o
 .ARM.attributes
                0x00000022       0x34 c:/program files (x86)/atollic/truestudio for stm32 9.0.1/armtools/bin/../lib/gcc/arm-atollic-eabi/6.3.1/armv7e-m/fpu/crtbegin.o
 .ARM.attributes
                0x00000056       0x39 Drivers\STM32L4xx_HAL_Driver\Src\stm32l4xx_hal.o
 .ARM.attributes
                0x0000008f       0x39 Drivers\STM32L4xx_HAL_Driver\Src\stm32l4xx_hal_cortex.o
 .ARM.attributes
                0x000000c8       0x39 Drivers\STM32L4xx_HAL_Driver\Src\stm32l4xx_hal_gpio.o
 .ARM.attributes
                0x00000101       0x39 Drivers\STM32L4xx_HAL_Driver\Src\stm32l4xx_hal_i2c.o
 .ARM.attributes
                0x0000013a       0x39 Drivers\STM32L4xx_HAL_Driver\Src\stm32l4xx_hal_i2c_ex.o
 .ARM.attributes
                0x00000173       0x39 Drivers\STM32L4xx_HAL_Driver\Src\stm32l4xx_hal_pwr.o
 .ARM.attributes
                0x000001ac       0x39 Drivers\STM32L4xx_HAL_Driver\Src\stm32l4xx_hal_pwr_ex.o
 .ARM.attributes
                0x000001e5       0x39 Drivers\STM32L4xx_HAL_Driver\Src\stm32l4xx_hal_rcc.o
 .ARM.attributes
                0x0000021e       0x39 Drivers\STM32L4xx_HAL_Driver\Src\stm32l4xx_hal_rcc_ex.o
 .ARM.attributes
                0x00000257       0x39 Drivers\STM32L4xx_HAL_Driver\Src\stm32l4xx_hal_uart.o
 .ARM.attributes
                0x00000290       0x39 Src\main.o
 .ARM.attributes
                0x000002c9       0x39 Src\stm32l4xx_hal_msp.o
 .ARM.attributes
                0x00000302       0x39 Src\stm32l4xx_it.o
 .ARM.attributes
                0x0000033b       0x39 Src\system_stm32l4xx.o
 .ARM.attributes
                0x00000374       0x21 startup\startup_stm32l432xx.o
 .ARM.attributes
                0x00000395       0x34 c:/program files (x86)/atollic/truestudio for stm32 9.0.1/armtools/bin/../lib/gcc/arm-atollic-eabi/6.3.1/../../../../arm-atollic-eabi/lib/armv7e-m/fpu\libc_nano.a(lib_a-init.o)
 .ARM.attributes
                0x000003c9       0x1b c:/program files (x86)/atollic/truestudio for stm32 9.0.1/armtools/bin/../lib/gcc/arm-atollic-eabi/6.3.1/../../../../arm-atollic-eabi/lib/armv7e-m/fpu\libc_nano.a(lib_a-strlen.o)
 .ARM.attributes
                0x000003e4       0x22 c:/program files (x86)/atollic/truestudio for stm32 9.0.1/armtools/bin/../lib/gcc/arm-atollic-eabi/6.3.1/armv7e-m/fpu\libgcc.a(_aeabi_uldivmod.o)
 .ARM.attributes
                0x00000406       0x34 c:/program files (x86)/atollic/truestudio for stm32 9.0.1/armtools/bin/../lib/gcc/arm-atollic-eabi/6.3.1/armv7e-m/fpu\libgcc.a(_udivmoddi4.o)
 .ARM.attributes
                0x0000043a       0x22 c:/program files (x86)/atollic/truestudio for stm32 9.0.1/armtools/bin/../lib/gcc/arm-atollic-eabi/6.3.1/armv7e-m/fpu\libgcc.a(_dvmd_tls.o)
 .ARM.attributes
                0x0000045c       0x22 c:/program files (x86)/atollic/truestudio for stm32 9.0.1/armtools/bin/../lib/gcc/arm-atollic-eabi/6.3.1/armv7e-m/fpu/crtn.o
OUTPUT(testproject.elf elf32-littlearm)

.debug_info     0x00000000    0x14a5c
 .debug_info    0x00000000     0x1183 Drivers\STM32L4xx_HAL_Driver\Src\stm32l4xx_hal.o
 .debug_info    0x00001183     0x16f5 Drivers\STM32L4xx_HAL_Driver\Src\stm32l4xx_hal_cortex.o
 .debug_info    0x00002878     0x1081 Drivers\STM32L4xx_HAL_Driver\Src\stm32l4xx_hal_gpio.o
 .debug_info    0x000038f9     0x3947 Drivers\STM32L4xx_HAL_Driver\Src\stm32l4xx_hal_i2c.o
 .debug_info    0x00007240     0x1247 Drivers\STM32L4xx_HAL_Driver\Src\stm32l4xx_hal_i2c_ex.o
 .debug_info    0x00008487     0x1210 Drivers\STM32L4xx_HAL_Driver\Src\stm32l4xx_hal_pwr.o
 .debug_info    0x00009697     0x1213 Drivers\STM32L4xx_HAL_Driver\Src\stm32l4xx_hal_pwr_ex.o
 .debug_info    0x0000a8aa     0x1598 Drivers\STM32L4xx_HAL_Driver\Src\stm32l4xx_hal_rcc.o
 .debug_info    0x0000be42     0x17fa Drivers\STM32L4xx_HAL_Driver\Src\stm32l4xx_hal_rcc_ex.o
 .debug_info    0x0000d63c     0x2462 Drivers\STM32L4xx_HAL_Driver\Src\stm32l4xx_hal_uart.o
 .debug_info    0x0000fa9e     0x1e96 Src\main.o
 .debug_info    0x00011934     0x193b Src\stm32l4xx_hal_msp.o
 .debug_info    0x0001326f      0x994 Src\stm32l4xx_it.o
 .debug_info    0x00013c03      0xde2 Src\system_stm32l4xx.o
 .debug_info    0x000149e5       0x77 startup\startup_stm32l432xx.o

.debug_abbrev   0x00000000     0x261d
 .debug_abbrev  0x00000000      0x2c0 Drivers\STM32L4xx_HAL_Driver\Src\stm32l4xx_hal.o
 .debug_abbrev  0x000002c0      0x37d Drivers\STM32L4xx_HAL_Driver\Src\stm32l4xx_hal_cortex.o
 .debug_abbrev  0x0000063d      0x268 Drivers\STM32L4xx_HAL_Driver\Src\stm32l4xx_hal_gpio.o
 .debug_abbrev  0x000008a5      0x3b8 Drivers\STM32L4xx_HAL_Driver\Src\stm32l4xx_hal_i2c.o
 .debug_abbrev  0x00000c5d      0x218 Drivers\STM32L4xx_HAL_Driver\Src\stm32l4xx_hal_i2c_ex.o
 .debug_abbrev  0x00000e75      0x24b Drivers\STM32L4xx_HAL_Driver\Src\stm32l4xx_hal_pwr.o
 .debug_abbrev  0x000010c0      0x2c7 Drivers\STM32L4xx_HAL_Driver\Src\stm32l4xx_hal_pwr_ex.o
 .debug_abbrev  0x00001387      0x2d2 Drivers\STM32L4xx_HAL_Driver\Src\stm32l4xx_hal_rcc.o
 .debug_abbrev  0x00001659      0x31c Drivers\STM32L4xx_HAL_Driver\Src\stm32l4xx_hal_rcc_ex.o
 .debug_abbrev  0x00001975      0x3aa Drivers\STM32L4xx_HAL_Driver\Src\stm32l4xx_hal_uart.o
 .debug_abbrev  0x00001d1f      0x340 Src\main.o
 .debug_abbrev  0x0000205f      0x21d Src\stm32l4xx_hal_msp.o
 .debug_abbrev  0x0000227c      0x1a4 Src\stm32l4xx_it.o
 .debug_abbrev  0x00002420      0x1eb Src\system_stm32l4xx.o
 .debug_abbrev  0x0000260b       0x12 startup\startup_stm32l432xx.o

.debug_loc      0x00000000     0x6c2a
 .debug_loc     0x00000000       0x76 Drivers\STM32L4xx_HAL_Driver\Src\stm32l4xx_hal.o
 .debug_loc     0x00000076      0x4fb Drivers\STM32L4xx_HAL_Driver\Src\stm32l4xx_hal_cortex.o
 .debug_loc     0x00000571      0x2ba Drivers\STM32L4xx_HAL_Driver\Src\stm32l4xx_hal_gpio.o
 .debug_loc     0x0000082b     0x30e5 Drivers\STM32L4xx_HAL_Driver\Src\stm32l4xx_hal_i2c.o
 .debug_loc     0x00003910      0x1b8 Drivers\STM32L4xx_HAL_Driver\Src\stm32l4xx_hal_i2c_ex.o
 .debug_loc     0x00003ac8      0x132 Drivers\STM32L4xx_HAL_Driver\Src\stm32l4xx_hal_pwr.o
 .debug_loc     0x00003bfa      0x3eb Drivers\STM32L4xx_HAL_Driver\Src\stm32l4xx_hal_pwr_ex.o
 .debug_loc     0x00003fe5      0x5a9 Drivers\STM32L4xx_HAL_Driver\Src\stm32l4xx_hal_rcc.o
 .debug_loc     0x0000458e      0xb08 Drivers\STM32L4xx_HAL_Driver\Src\stm32l4xx_hal_rcc_ex.o
 .debug_loc     0x00005096     0x1826 Drivers\STM32L4xx_HAL_Driver\Src\stm32l4xx_hal_uart.o
 .debug_loc     0x000068bc       0xfd Src\main.o
 .debug_loc     0x000069b9       0xb3 Src\stm32l4xx_hal_msp.o
 .debug_loc     0x00006a6c      0x1be Src\system_stm32l4xx.o

.debug_aranges  0x00000000      0x9a0
 .debug_aranges
                0x00000000       0xe8 Drivers\STM32L4xx_HAL_Driver\Src\stm32l4xx_hal.o
 .debug_aranges
                0x000000e8       0xa8 Drivers\STM32L4xx_HAL_Driver\Src\stm32l4xx_hal_cortex.o
 .debug_aranges
                0x00000190       0x58 Drivers\STM32L4xx_HAL_Driver\Src\stm32l4xx_hal_gpio.o
 .debug_aranges
                0x000001e8      0x200 Drivers\STM32L4xx_HAL_Driver\Src\stm32l4xx_hal_i2c.o
 .debug_aranges
                0x000003e8       0x48 Drivers\STM32L4xx_HAL_Driver\Src\stm32l4xx_hal_i2c_ex.o
 .debug_aranges
                0x00000430       0x98 Drivers\STM32L4xx_HAL_Driver\Src\stm32l4xx_hal_pwr.o
 .debug_aranges
                0x000004c8      0x100 Drivers\STM32L4xx_HAL_Driver\Src\stm32l4xx_hal_pwr_ex.o
 .debug_aranges
                0x000005c8       0x88 Drivers\STM32L4xx_HAL_Driver\Src\stm32l4xx_hal_rcc.o
 .debug_aranges
                0x00000650       0xd0 Drivers\STM32L4xx_HAL_Driver\Src\stm32l4xx_hal_rcc_ex.o
 .debug_aranges
                0x00000720      0x1a0 Drivers\STM32L4xx_HAL_Driver\Src\stm32l4xx_hal_uart.o
 .debug_aranges
                0x000008c0       0x30 Src\main.o
 .debug_aranges
                0x000008f0       0x40 Src\stm32l4xx_hal_msp.o
 .debug_aranges
                0x00000930       0x20 Src\stm32l4xx_it.o
 .debug_aranges
                0x00000950       0x28 Src\system_stm32l4xx.o
 .debug_aranges
                0x00000978       0x28 startup\startup_stm32l432xx.o

.debug_ranges   0x00000000      0xb30
 .debug_ranges  0x00000000       0xd8 Drivers\STM32L4xx_HAL_Driver\Src\stm32l4xx_hal.o
 .debug_ranges  0x000000d8      0x138 Drivers\STM32L4xx_HAL_Driver\Src\stm32l4xx_hal_cortex.o
 .debug_ranges  0x00000210       0x68 Drivers\STM32L4xx_HAL_Driver\Src\stm32l4xx_hal_gpio.o
 .debug_ranges  0x00000278      0x268 Drivers\STM32L4xx_HAL_Driver\Src\stm32l4xx_hal_i2c.o
 .debug_ranges  0x000004e0       0x68 Drivers\STM32L4xx_HAL_Driver\Src\stm32l4xx_hal_i2c_ex.o
 .debug_ranges  0x00000548       0x88 Drivers\STM32L4xx_HAL_Driver\Src\stm32l4xx_hal_pwr.o
 .debug_ranges  0x000005d0       0xf0 Drivers\STM32L4xx_HAL_Driver\Src\stm32l4xx_hal_pwr_ex.o
 .debug_ranges  0x000006c0       0x90 Drivers\STM32L4xx_HAL_Driver\Src\stm32l4xx_hal_rcc.o
 .debug_ranges  0x00000750       0xf8 Drivers\STM32L4xx_HAL_Driver\Src\stm32l4xx_hal_rcc_ex.o
 .debug_ranges  0x00000848      0x190 Drivers\STM32L4xx_HAL_Driver\Src\stm32l4xx_hal_uart.o
 .debug_ranges  0x000009d8       0xb0 Src\main.o
 .debug_ranges  0x00000a88       0x60 Src\stm32l4xx_hal_msp.o
 .debug_ranges  0x00000ae8       0x10 Src\stm32l4xx_it.o
 .debug_ranges  0x00000af8       0x18 Src\system_stm32l4xx.o
 .debug_ranges  0x00000b10       0x20 startup\startup_stm32l432xx.o

.debug_line     0x00000000     0x5ad7
 .debug_line    0x00000000      0x48e Drivers\STM32L4xx_HAL_Driver\Src\stm32l4xx_hal.o
 .debug_line    0x0000048e      0x4d5 Drivers\STM32L4xx_HAL_Driver\Src\stm32l4xx_hal_cortex.o
 .debug_line    0x00000963      0x455 Drivers\STM32L4xx_HAL_Driver\Src\stm32l4xx_hal_gpio.o
 .debug_line    0x00000db8     0x15c0 Drivers\STM32L4xx_HAL_Driver\Src\stm32l4xx_hal_i2c.o
 .debug_line    0x00002378      0x3f1 Drivers\STM32L4xx_HAL_Driver\Src\stm32l4xx_hal_i2c_ex.o
 .debug_line    0x00002769      0x426 Drivers\STM32L4xx_HAL_Driver\Src\stm32l4xx_hal_pwr.o
 .debug_line    0x00002b8f      0x5d4 Drivers\STM32L4xx_HAL_Driver\Src\stm32l4xx_hal_pwr_ex.o
 .debug_line    0x00003163      0x654 Drivers\STM32L4xx_HAL_Driver\Src\stm32l4xx_hal_rcc.o
 .debug_line    0x000037b7      0x789 Drivers\STM32L4xx_HAL_Driver\Src\stm32l4xx_hal_rcc_ex.o
 .debug_line    0x00003f40      0xdf6 Drivers\STM32L4xx_HAL_Driver\Src\stm32l4xx_hal_uart.o
 .debug_line    0x00004d36      0x471 Src\main.o
 .debug_line    0x000051a7      0x38a Src\stm32l4xx_hal_msp.o
 .debug_line    0x00005531      0x27f Src\stm32l4xx_it.o
 .debug_line    0x000057b0      0x2a8 Src\system_stm32l4xx.o
 .debug_line    0x00005a58       0x7f startup\startup_stm32l432xx.o

.debug_str      0x00000000     0x3ba9
 .debug_str     0x00000000      0xe48 Drivers\STM32L4xx_HAL_Driver\Src\stm32l4xx_hal.o
                                0xee7 (size before relaxing)
 .debug_str     0x00000e48      0x3c3 Drivers\STM32L4xx_HAL_Driver\Src\stm32l4xx_hal_cortex.o
                                0xf7b (size before relaxing)
 .debug_str     0x0000120b      0x1d5 Drivers\STM32L4xx_HAL_Driver\Src\stm32l4xx_hal_gpio.o
                                0x9ea (size before relaxing)
 .debug_str     0x000013e0      0xbf9 Drivers\STM32L4xx_HAL_Driver\Src\stm32l4xx_hal_i2c.o
                               0x1315 (size before relaxing)
 .debug_str     0x00001fd9       0xf3 Drivers\STM32L4xx_HAL_Driver\Src\stm32l4xx_hal_i2c_ex.o
                                0xd91 (size before relaxing)
 .debug_str     0x000020cc      0x2da Drivers\STM32L4xx_HAL_Driver\Src\stm32l4xx_hal_pwr.o
                                0xb36 (size before relaxing)
 .debug_str     0x000023a6      0x374 Drivers\STM32L4xx_HAL_Driver\Src\stm32l4xx_hal_pwr_ex.o
                                0xbc5 (size before relaxing)
 .debug_str     0x0000271a      0x371 Drivers\STM32L4xx_HAL_Driver\Src\stm32l4xx_hal_rcc.o
                                0xc5d (size before relaxing)
 .debug_str     0x00002a8b      0x5cb Drivers\STM32L4xx_HAL_Driver\Src\stm32l4xx_hal_rcc_ex.o
                                0xfbf (size before relaxing)
 .debug_str     0x00003056      0x9a4 Drivers\STM32L4xx_HAL_Driver\Src\stm32l4xx_hal_uart.o
                               0x1444 (size before relaxing)
 .debug_str     0x000039fa      0x133 Src\main.o
                               0x18c8 (size before relaxing)
 .debug_str     0x00003b2d       0x1b Src\stm32l4xx_hal_msp.o
                               0x13c6 (size before relaxing)
 .debug_str     0x00003b48       0x26 Src\stm32l4xx_it.o
                                0x67b (size before relaxing)
 .debug_str     0x00003b6e       0x3b Src\system_stm32l4xx.o
                                0x837 (size before relaxing)

.comment        0x00000000       0x7c
 .comment       0x00000000       0x7c Drivers\STM32L4xx_HAL_Driver\Src\stm32l4xx_hal.o
                                 0x7d (size before relaxing)
 .comment       0x0000007c       0x7d Drivers\STM32L4xx_HAL_Driver\Src\stm32l4xx_hal_cortex.o
 .comment       0x0000007c       0x7d Drivers\STM32L4xx_HAL_Driver\Src\stm32l4xx_hal_gpio.o
 .comment       0x0000007c       0x7d Drivers\STM32L4xx_HAL_Driver\Src\stm32l4xx_hal_i2c.o
 .comment       0x0000007c       0x7d Drivers\STM32L4xx_HAL_Driver\Src\stm32l4xx_hal_i2c_ex.o
 .comment       0x0000007c       0x7d Drivers\STM32L4xx_HAL_Driver\Src\stm32l4xx_hal_pwr.o
 .comment       0x0000007c       0x7d Drivers\STM32L4xx_HAL_Driver\Src\stm32l4xx_hal_pwr_ex.o
 .comment       0x0000007c       0x7d Drivers\STM32L4xx_HAL_Driver\Src\stm32l4xx_hal_rcc.o
 .comment       0x0000007c       0x7d Drivers\STM32L4xx_HAL_Driver\Src\stm32l4xx_hal_rcc_ex.o
 .comment       0x0000007c       0x7d Drivers\STM32L4xx_HAL_Driver\Src\stm32l4xx_hal_uart.o
 .comment       0x0000007c       0x7d Src\main.o
 .comment       0x0000007c       0x7d Src\stm32l4xx_hal_msp.o
 .comment       0x0000007c       0x7d Src\stm32l4xx_it.o
 .comment       0x0000007c       0x7d Src\system_stm32l4xx.o

.debug_frame    0x00000000     0x1a6c
 .debug_frame   0x00000000      0x1e4 Drivers\STM32L4xx_HAL_Driver\Src\stm32l4xx_hal.o
 .debug_frame   0x000001e4      0x158 Drivers\STM32L4xx_HAL_Driver\Src\stm32l4xx_hal_cortex.o
 .debug_frame   0x0000033c       0xd8 Drivers\STM32L4xx_HAL_Driver\Src\stm32l4xx_hal_gpio.o
 .debug_frame   0x00000414      0x804 Drivers\STM32L4xx_HAL_Driver\Src\stm32l4xx_hal_i2c.o
 .debug_frame   0x00000c18       0x90 Drivers\STM32L4xx_HAL_Driver\Src\stm32l4xx_hal_i2c_ex.o
 .debug_frame   0x00000ca8      0x118 Drivers\STM32L4xx_HAL_Driver\Src\stm32l4xx_hal_pwr.o
 .debug_frame   0x00000dc0      0x1f8 Drivers\STM32L4xx_HAL_Driver\Src\stm32l4xx_hal_pwr_ex.o
 .debug_frame   0x00000fb8      0x15c Drivers\STM32L4xx_HAL_Driver\Src\stm32l4xx_hal_rcc.o
 .debug_frame   0x00001114      0x238 Drivers\STM32L4xx_HAL_Driver\Src\stm32l4xx_hal_rcc_ex.o
 .debug_frame   0x0000134c      0x548 Drivers\STM32L4xx_HAL_Driver\Src\stm32l4xx_hal_uart.o
 .debug_frame   0x00001894       0x60 Src\main.o
 .debug_frame   0x000018f4       0x88 Src\stm32l4xx_hal_msp.o
 .debug_frame   0x0000197c       0x2c Src\stm32l4xx_it.o
 .debug_frame   0x000019a8       0x38 Src\system_stm32l4xx.o
 .debug_frame   0x000019e0       0x2c c:/program files (x86)/atollic/truestudio for stm32 9.0.1/armtools/bin/../lib/gcc/arm-atollic-eabi/6.3.1/../../../../arm-atollic-eabi/lib/armv7e-m/fpu\libc_nano.a(lib_a-init.o)
 .debug_frame   0x00001a0c       0x2c c:/program files (x86)/atollic/truestudio for stm32 9.0.1/armtools/bin/../lib/gcc/arm-atollic-eabi/6.3.1/armv7e-m/fpu\libgcc.a(_aeabi_uldivmod.o)
 .debug_frame   0x00001a38       0x34 c:/program files (x86)/atollic/truestudio for stm32 9.0.1/armtools/bin/../lib/gcc/arm-atollic-eabi/6.3.1/armv7e-m/fpu\libgcc.a(_udivmoddi4.o)
